<?xml version="1.0"?>
<link_info>
   <banner>TI ARM Linker PC v16.9.4.LTS</banner>
   <copyright>Copyright (c) 1996-2017 Texas Instruments Incorporated</copyright>
   <link_time>0x5a2ffb5a</link_time>
   <link_errors>0x0</link_errors>
   <output_file>RGB_Line_LED.out</output_file>
   <entry_point>
      <name>_c_int00</name>
      <address>0x52e5</address>
   </entry_point>
   <input_file_list>
      <input_file id="fl-2">
         <path>.\</path>
         <kind>object</kind>
         <file>BackchannelUartIO.obj</file>
         <name>BackchannelUartIO.obj</name>
      </input_file>
      <input_file id="fl-3">
         <path>.\</path>
         <kind>object</kind>
         <file>ST7735.obj</file>
         <name>ST7735.obj</name>
      </input_file>
      <input_file id="fl-4">
         <path>.\</path>
         <kind>object</kind>
         <file>clk.obj</file>
         <name>clk.obj</name>
      </input_file>
      <input_file id="fl-5">
         <path>.\</path>
         <kind>object</kind>
         <file>debug.obj</file>
         <name>debug.obj</name>
      </input_file>
      <input_file id="fl-6">
         <path>.\</path>
         <kind>object</kind>
         <file>main.obj</file>
         <name>main.obj</name>
      </input_file>
      <input_file id="fl-7">
         <path>.\</path>
         <kind>object</kind>
         <file>neopixel.obj</file>
         <name>neopixel.obj</name>
      </input_file>
      <input_file id="fl-8">
         <path>.\</path>
         <kind>object</kind>
         <file>startup_msp432p401r_ccs.obj</file>
         <name>startup_msp432p401r_ccs.obj</name>
      </input_file>
      <input_file id="fl-9">
         <path>.\</path>
         <kind>object</kind>
         <file>stepper_motor.obj</file>
         <name>stepper_motor.obj</name>
      </input_file>
      <input_file id="fl-a">
         <path>.\</path>
         <kind>object</kind>
         <file>system_msp432p401r.obj</file>
         <name>system_msp432p401r.obj</name>
      </input_file>
      <input_file id="fl-b">
         <path>.\</path>
         <kind>object</kind>
         <file>systick.obj</file>
         <name>systick.obj</name>
      </input_file>
      <input_file id="fl-11">
         <kind>object</kind>
         <file>&lt;internal&gt;</file>
         <name>&lt;internal&gt;</name>
      </input_file>
      <input_file id="fl-12">
         <path>C:\ti\msp\MSP432Ware_3_50_00_02\driverlib\driverlib\MSP432P4xx\ccs\</path>
         <kind>archive</kind>
         <file>msp432p4xx_driverlib.lib</file>
         <name>cs.o</name>
      </input_file>
      <input_file id="fl-13">
         <path>C:\ti\msp\MSP432Ware_3_50_00_02\driverlib\driverlib\MSP432P4xx\ccs\</path>
         <kind>archive</kind>
         <file>msp432p4xx_driverlib.lib</file>
         <name>interrupt.o</name>
      </input_file>
      <input_file id="fl-14">
         <path>C:\ti\msp\MSP432Ware_3_50_00_02\driverlib\driverlib\MSP432P4xx\ccs\</path>
         <kind>archive</kind>
         <file>msp432p4xx_driverlib.lib</file>
         <name>sysctl.o</name>
      </input_file>
      <input_file id="fl-15">
         <path>C:\ti\msp\MSP432Ware_3_50_00_02\driverlib\driverlib\MSP432P4xx\ccs\</path>
         <kind>archive</kind>
         <file>msp432p4xx_driverlib.lib</file>
         <name>cpu.o</name>
      </input_file>
      <input_file id="fl-cb">
         <path>C:\ti\ccsv7\tools\compiler\ti-cgt-arm_16.9.4.LTS\lib\</path>
         <kind>archive</kind>
         <file>rtsv7M4_T_le_v4SPD16_eabi.lib</file>
         <name>boot.obj</name>
      </input_file>
      <input_file id="fl-cc">
         <path>C:\ti\ccsv7\tools\compiler\ti-cgt-arm_16.9.4.LTS\lib\</path>
         <kind>archive</kind>
         <file>rtsv7M4_T_le_v4SPD16_eabi.lib</file>
         <name>copy_decompress_lzss.obj</name>
      </input_file>
      <input_file id="fl-cd">
         <path>C:\ti\ccsv7\tools\compiler\ti-cgt-arm_16.9.4.LTS\lib\</path>
         <kind>archive</kind>
         <file>rtsv7M4_T_le_v4SPD16_eabi.lib</file>
         <name>copy_decompress_none.obj</name>
      </input_file>
      <input_file id="fl-ce">
         <path>C:\ti\ccsv7\tools\compiler\ti-cgt-arm_16.9.4.LTS\lib\</path>
         <kind>archive</kind>
         <file>rtsv7M4_T_le_v4SPD16_eabi.lib</file>
         <name>copy_zero_init.obj</name>
      </input_file>
      <input_file id="fl-cf">
         <path>C:\ti\ccsv7\tools\compiler\ti-cgt-arm_16.9.4.LTS\lib\</path>
         <kind>archive</kind>
         <file>rtsv7M4_T_le_v4SPD16_eabi.lib</file>
         <name>exit.obj</name>
      </input_file>
      <input_file id="fl-d0">
         <path>C:\ti\ccsv7\tools\compiler\ti-cgt-arm_16.9.4.LTS\lib\</path>
         <kind>archive</kind>
         <file>rtsv7M4_T_le_v4SPD16_eabi.lib</file>
         <name>fd_mul_t2.obj</name>
      </input_file>
      <input_file id="fl-d1">
         <path>C:\ti\ccsv7\tools\compiler\ti-cgt-arm_16.9.4.LTS\lib\</path>
         <kind>archive</kind>
         <file>rtsv7M4_T_le_v4SPD16_eabi.lib</file>
         <name>fd_tou_t2.obj</name>
      </input_file>
      <input_file id="fl-d2">
         <path>C:\ti\ccsv7\tools\compiler\ti-cgt-arm_16.9.4.LTS\lib\</path>
         <kind>archive</kind>
         <file>rtsv7M4_T_le_v4SPD16_eabi.lib</file>
         <name>memcpy_t2.obj</name>
      </input_file>
      <input_file id="fl-d3">
         <path>C:\ti\ccsv7\tools\compiler\ti-cgt-arm_16.9.4.LTS\lib\</path>
         <kind>archive</kind>
         <file>rtsv7M4_T_le_v4SPD16_eabi.lib</file>
         <name>memset_t2.obj</name>
      </input_file>
      <input_file id="fl-d4">
         <path>C:\ti\ccsv7\tools\compiler\ti-cgt-arm_16.9.4.LTS\lib\</path>
         <kind>archive</kind>
         <file>rtsv7M4_T_le_v4SPD16_eabi.lib</file>
         <name>mpu_init.obj</name>
      </input_file>
      <input_file id="fl-d5">
         <path>C:\ti\ccsv7\tools\compiler\ti-cgt-arm_16.9.4.LTS\lib\</path>
         <kind>archive</kind>
         <file>rtsv7M4_T_le_v4SPD16_eabi.lib</file>
         <name>pre_init.obj</name>
      </input_file>
      <input_file id="fl-d6">
         <path>C:\ti\ccsv7\tools\compiler\ti-cgt-arm_16.9.4.LTS\lib\</path>
         <kind>archive</kind>
         <file>rtsv7M4_T_le_v4SPD16_eabi.lib</file>
         <name>printf.obj</name>
      </input_file>
      <input_file id="fl-d7">
         <path>C:\ti\ccsv7\tools\compiler\ti-cgt-arm_16.9.4.LTS\lib\</path>
         <kind>archive</kind>
         <file>rtsv7M4_T_le_v4SPD16_eabi.lib</file>
         <name>stkdepth_vars.obj</name>
      </input_file>
      <input_file id="fl-d8">
         <path>C:\ti\ccsv7\tools\compiler\ti-cgt-arm_16.9.4.LTS\lib\</path>
         <kind>archive</kind>
         <file>rtsv7M4_T_le_v4SPD16_eabi.lib</file>
         <name>strlen.obj</name>
      </input_file>
      <input_file id="fl-d9">
         <path>C:\ti\ccsv7\tools\compiler\ti-cgt-arm_16.9.4.LTS\lib\</path>
         <kind>archive</kind>
         <file>rtsv7M4_T_le_v4SPD16_eabi.lib</file>
         <name>u_tofd_t2.obj</name>
      </input_file>
      <input_file id="fl-da">
         <path>C:\ti\ccsv7\tools\compiler\ti-cgt-arm_16.9.4.LTS\lib\</path>
         <kind>archive</kind>
         <file>rtsv7M4_T_le_v4SPD16_eabi.lib</file>
         <name>_lock.obj</name>
      </input_file>
      <input_file id="fl-db">
         <path>C:\ti\ccsv7\tools\compiler\ti-cgt-arm_16.9.4.LTS\lib\</path>
         <kind>archive</kind>
         <file>rtsv7M4_T_le_v4SPD16_eabi.lib</file>
         <name>_printfi.obj</name>
      </input_file>
      <input_file id="fl-dc">
         <path>C:\ti\ccsv7\tools\compiler\ti-cgt-arm_16.9.4.LTS\lib\</path>
         <kind>archive</kind>
         <file>rtsv7M4_T_le_v4SPD16_eabi.lib</file>
         <name>args_main.obj</name>
      </input_file>
      <input_file id="fl-dd">
         <path>C:\ti\ccsv7\tools\compiler\ti-cgt-arm_16.9.4.LTS\lib\</path>
         <kind>archive</kind>
         <file>rtsv7M4_T_le_v4SPD16_eabi.lib</file>
         <name>atoi.obj</name>
      </input_file>
      <input_file id="fl-de">
         <path>C:\ti\ccsv7\tools\compiler\ti-cgt-arm_16.9.4.LTS\lib\</path>
         <kind>archive</kind>
         <file>rtsv7M4_T_le_v4SPD16_eabi.lib</file>
         <name>autoinit.obj</name>
      </input_file>
      <input_file id="fl-df">
         <path>C:\ti\ccsv7\tools\compiler\ti-cgt-arm_16.9.4.LTS\lib\</path>
         <kind>archive</kind>
         <file>rtsv7M4_T_le_v4SPD16_eabi.lib</file>
         <name>cpy_tbl.obj</name>
      </input_file>
      <input_file id="fl-e0">
         <path>C:\ti\ccsv7\tools\compiler\ti-cgt-arm_16.9.4.LTS\lib\</path>
         <kind>archive</kind>
         <file>rtsv7M4_T_le_v4SPD16_eabi.lib</file>
         <name>ctype.obj</name>
      </input_file>
      <input_file id="fl-e1">
         <path>C:\ti\ccsv7\tools\compiler\ti-cgt-arm_16.9.4.LTS\lib\</path>
         <kind>archive</kind>
         <file>rtsv7M4_T_le_v4SPD16_eabi.lib</file>
         <name>defs.obj</name>
      </input_file>
      <input_file id="fl-e2">
         <path>C:\ti\ccsv7\tools\compiler\ti-cgt-arm_16.9.4.LTS\lib\</path>
         <kind>archive</kind>
         <file>rtsv7M4_T_le_v4SPD16_eabi.lib</file>
         <name>fd_add_t2.obj</name>
      </input_file>
      <input_file id="fl-e3">
         <path>C:\ti\ccsv7\tools\compiler\ti-cgt-arm_16.9.4.LTS\lib\</path>
         <kind>archive</kind>
         <file>rtsv7M4_T_le_v4SPD16_eabi.lib</file>
         <name>fd_cmp_t2.obj</name>
      </input_file>
      <input_file id="fl-e4">
         <path>C:\ti\ccsv7\tools\compiler\ti-cgt-arm_16.9.4.LTS\lib\</path>
         <kind>archive</kind>
         <file>rtsv7M4_T_le_v4SPD16_eabi.lib</file>
         <name>fd_div_t2.obj</name>
      </input_file>
      <input_file id="fl-e5">
         <path>C:\ti\ccsv7\tools\compiler\ti-cgt-arm_16.9.4.LTS\lib\</path>
         <kind>archive</kind>
         <file>rtsv7M4_T_le_v4SPD16_eabi.lib</file>
         <name>fd_toi_t2.obj</name>
      </input_file>
      <input_file id="fl-e6">
         <path>C:\ti\ccsv7\tools\compiler\ti-cgt-arm_16.9.4.LTS\lib\</path>
         <kind>archive</kind>
         <file>rtsv7M4_T_le_v4SPD16_eabi.lib</file>
         <name>i_tofd_t2.obj</name>
      </input_file>
      <input_file id="fl-e7">
         <path>C:\ti\ccsv7\tools\compiler\ti-cgt-arm_16.9.4.LTS\lib\</path>
         <kind>archive</kind>
         <file>rtsv7M4_T_le_v4SPD16_eabi.lib</file>
         <name>ltoa.obj</name>
      </input_file>
      <input_file id="fl-e8">
         <path>C:\ti\ccsv7\tools\compiler\ti-cgt-arm_16.9.4.LTS\lib\</path>
         <kind>archive</kind>
         <file>rtsv7M4_T_le_v4SPD16_eabi.lib</file>
         <name>memccpy.obj</name>
      </input_file>
      <input_file id="fl-e9">
         <path>C:\ti\ccsv7\tools\compiler\ti-cgt-arm_16.9.4.LTS\lib\</path>
         <kind>archive</kind>
         <file>rtsv7M4_T_le_v4SPD16_eabi.lib</file>
         <name>s_frexp.obj</name>
      </input_file>
      <input_file id="fl-ea">
         <path>C:\ti\ccsv7\tools\compiler\ti-cgt-arm_16.9.4.LTS\lib\</path>
         <kind>archive</kind>
         <file>rtsv7M4_T_le_v4SPD16_eabi.lib</file>
         <name>s_scalbn.obj</name>
      </input_file>
      <input_file id="fl-eb">
         <path>C:\ti\ccsv7\tools\compiler\ti-cgt-arm_16.9.4.LTS\lib\</path>
         <kind>archive</kind>
         <file>rtsv7M4_T_le_v4SPD16_eabi.lib</file>
         <name>startup.obj</name>
      </input_file>
      <input_file id="fl-ec">
         <path>C:\ti\ccsv7\tools\compiler\ti-cgt-arm_16.9.4.LTS\lib\</path>
         <kind>archive</kind>
         <file>rtsv7M4_T_le_v4SPD16_eabi.lib</file>
         <name>strchr.obj</name>
      </input_file>
      <input_file id="fl-ed">
         <path>C:\ti\ccsv7\tools\compiler\ti-cgt-arm_16.9.4.LTS\lib\</path>
         <kind>archive</kind>
         <file>rtsv7M4_T_le_v4SPD16_eabi.lib</file>
         <name>ull_div_t2.obj</name>
      </input_file>
      <input_file id="fl-ee">
         <path>C:\ti\ccsv7\tools\compiler\ti-cgt-arm_16.9.4.LTS\lib\</path>
         <kind>archive</kind>
         <file>rtsv7M4_T_le_v4SPD16_eabi.lib</file>
         <name>errno.obj</name>
      </input_file>
      <input_file id="fl-ef">
         <path>C:\ti\ccsv7\tools\compiler\ti-cgt-arm_16.9.4.LTS\lib\</path>
         <kind>archive</kind>
         <file>rtsv7M4_T_le_v4SPD16_eabi.lib</file>
         <name>s_copysign.obj</name>
      </input_file>
   </input_file_list>
   <object_component_list>
      <object_component id="oc-28">
         <name>.intvecs:retain</name>
         <load_address>0x0</load_address>
         <run_address>0x0</run_address>
         <size>0xe4</size>
         <input_file_ref idref="fl-8"/>
      </object_component>
      <object_component id="oc-ea">
         <name>.text</name>
         <load_address>0xe4</load_address>
         <run_address>0xe4</run_address>
         <size>0x1380</size>
         <input_file_ref idref="fl-3"/>
      </object_component>
      <object_component id="oc-1ca">
         <name>.text</name>
         <load_address>0x1464</load_address>
         <run_address>0x1464</run_address>
         <size>0x113e</size>
         <input_file_ref idref="fl-db"/>
      </object_component>
      <object_component id="oc-4f">
         <name>.text</name>
         <load_address>0x25a2</load_address>
         <run_address>0x25a2</run_address>
         <size>0x2</size>
         <input_file_ref idref="fl-d4"/>
      </object_component>
      <object_component id="oc-e4">
         <name>.text</name>
         <load_address>0x25a4</load_address>
         <run_address>0x25a4</run_address>
         <size>0xfc0</size>
         <input_file_ref idref="fl-7"/>
      </object_component>
      <object_component id="oc-d8">
         <name>.text</name>
         <load_address>0x3564</load_address>
         <run_address>0x3564</run_address>
         <size>0x7dc</size>
         <input_file_ref idref="fl-9"/>
      </object_component>
      <object_component id="oc-b3">
         <name>.text</name>
         <load_address>0x3d40</load_address>
         <run_address>0x3d40</run_address>
         <size>0x32c</size>
         <input_file_ref idref="fl-a"/>
      </object_component>
      <object_component id="oc-a0">
         <name>.text</name>
         <load_address>0x406c</load_address>
         <run_address>0x406c</run_address>
         <size>0x248</size>
         <input_file_ref idref="fl-6"/>
      </object_component>
      <object_component id="oc-250">
         <name>.text</name>
         <load_address>0x42b4</load_address>
         <run_address>0x42b4</run_address>
         <size>0x1f4</size>
         <input_file_ref idref="fl-ed"/>
      </object_component>
      <object_component id="oc-274">
         <name>.text</name>
         <load_address>0x44a8</load_address>
         <run_address>0x44a8</run_address>
         <size>0x1b6</size>
         <input_file_ref idref="fl-e2"/>
      </object_component>
      <object_component id="oc-25a">
         <name>.text</name>
         <load_address>0x465e</load_address>
         <run_address>0x465e</run_address>
         <size>0x136</size>
         <input_file_ref idref="fl-e4"/>
      </object_component>
      <object_component id="oc-de">
         <name>.text</name>
         <load_address>0x4794</load_address>
         <run_address>0x4794</run_address>
         <size>0x118</size>
         <input_file_ref idref="fl-2"/>
      </object_component>
      <object_component id="oc-23e">
         <name>.text:CS_getDCOFrequency</name>
         <load_address>0x48ac</load_address>
         <run_address>0x48ac</run_address>
         <size>0x104</size>
         <input_file_ref idref="fl-12"/>
      </object_component>
      <object_component id="oc-14e">
         <name>.text</name>
         <load_address>0x49b0</load_address>
         <run_address>0x49b0</run_address>
         <size>0xfc</size>
         <input_file_ref idref="fl-d0"/>
      </object_component>
      <object_component id="oc-27f">
         <name>.text</name>
         <load_address>0x4aac</load_address>
         <run_address>0x4aac</run_address>
         <size>0xfc</size>
         <input_file_ref idref="fl-ea"/>
      </object_component>
      <object_component id="oc-d2">
         <name>.text</name>
         <load_address>0x4ba8</load_address>
         <run_address>0x4ba8</run_address>
         <size>0xf0</size>
         <input_file_ref idref="fl-4"/>
      </object_component>
      <object_component id="oc-1c4">
         <name>.text</name>
         <load_address>0x4c98</load_address>
         <run_address>0x4c98</run_address>
         <size>0xd4</size>
         <input_file_ref idref="fl-5"/>
      </object_component>
      <object_component id="oc-1b5">
         <name>.text:CS_startHFXTWithTimeout</name>
         <load_address>0x4d6c</load_address>
         <run_address>0x4d6c</run_address>
         <size>0x9c</size>
         <input_file_ref idref="fl-12"/>
      </object_component>
      <object_component id="oc-1bc">
         <name>.text:_CSComputeCLKFrequency</name>
         <load_address>0x4e08</load_address>
         <run_address>0x4e08</run_address>
         <size>0x9c</size>
         <input_file_ref idref="fl-12"/>
      </object_component>
      <object_component id="oc-37">
         <name>.text</name>
         <load_address>0x4ea4</load_address>
         <run_address>0x4ea4</run_address>
         <size>0x9c</size>
         <input_file_ref idref="fl-d2"/>
      </object_component>
      <object_component id="oc-255">
         <name>.text:__aeabi_cdcmple</name>
         <load_address>0x4f40</load_address>
         <run_address>0x4f40</run_address>
         <size>0x86</size>
         <input_file_ref idref="fl-e3"/>
      </object_component>
      <object_component id="oc-25f">
         <name>.text:__aeabi_cdrcmple</name>
         <load_address>0x4fc6</load_address>
         <run_address>0x4fc6</run_address>
         <size>0x86</size>
         <input_file_ref idref="fl-e3"/>
      </object_component>
      <object_component id="oc-43">
         <name>.text</name>
         <load_address>0x504c</load_address>
         <run_address>0x504c</run_address>
         <size>0x7a</size>
         <input_file_ref idref="fl-d3"/>
      </object_component>
      <object_component id="oc-98">
         <name>.text</name>
         <load_address>0x50c6</load_address>
         <run_address>0x50c6</run_address>
         <size>0x2</size>
         <input_file_ref idref="fl-eb"/>
      </object_component>
      <object_component id="oc-22b">
         <name>.text:_CSGetHFXTFrequency</name>
         <load_address>0x50c8</load_address>
         <run_address>0x50c8</run_address>
         <size>0x70</size>
         <input_file_ref idref="fl-12"/>
      </object_component>
      <object_component id="oc-5b">
         <name>.text</name>
         <load_address>0x5138</load_address>
         <run_address>0x5138</run_address>
         <size>0x70</size>
         <input_file_ref idref="fl-de"/>
      </object_component>
      <object_component id="oc-13b">
         <name>.text</name>
         <load_address>0x51a8</load_address>
         <run_address>0x51a8</run_address>
         <size>0x70</size>
         <input_file_ref idref="fl-d6"/>
      </object_component>
      <object_component id="oc-10">
         <name>.text:decompress:lzss</name>
         <load_address>0x5218</load_address>
         <run_address>0x5218</run_address>
         <size>0x68</size>
         <input_file_ref idref="fl-cc"/>
      </object_component>
      <object_component id="oc-279">
         <name>.text</name>
         <load_address>0x5280</load_address>
         <run_address>0x5280</run_address>
         <size>0x64</size>
         <input_file_ref idref="fl-e9"/>
      </object_component>
      <object_component id="oc-22">
         <name>.text</name>
         <load_address>0x52e4</load_address>
         <run_address>0x52e4</run_address>
         <size>0x54</size>
         <input_file_ref idref="fl-cb"/>
      </object_component>
      <object_component id="oc-67">
         <name>.text</name>
         <load_address>0x5338</load_address>
         <run_address>0x5338</run_address>
         <size>0x54</size>
         <input_file_ref idref="fl-cf"/>
      </object_component>
      <object_component id="oc-269">
         <name>.text</name>
         <load_address>0x538c</load_address>
         <run_address>0x538c</run_address>
         <size>0x54</size>
         <input_file_ref idref="fl-e7"/>
      </object_component>
      <object_component id="oc-2c1">
         <name>.text:SysCtl_getTLVInfo</name>
         <load_address>0x53e0</load_address>
         <run_address>0x53e0</run_address>
         <size>0x50</size>
         <input_file_ref idref="fl-14"/>
      </object_component>
      <object_component id="oc-2bb">
         <name>.text:_CSGetDOCFrequency</name>
         <load_address>0x5430</load_address>
         <run_address>0x5430</run_address>
         <size>0x4c</size>
         <input_file_ref idref="fl-12"/>
      </object_component>
      <object_component id="oc-28b">
         <name>.text</name>
         <load_address>0x547c</load_address>
         <run_address>0x547c</run_address>
         <size>0x4c</size>
         <input_file_ref idref="fl-dd"/>
      </object_component>
      <object_component id="oc-92">
         <name>.text</name>
         <load_address>0x54c8</load_address>
         <run_address>0x54c8</run_address>
         <size>0x4c</size>
         <input_file_ref idref="fl-df"/>
      </object_component>
      <object_component id="oc-238">
         <name>.text:_CSGetDividerValue</name>
         <load_address>0x5514</load_address>
         <run_address>0x5514</run_address>
         <size>0x48</size>
         <input_file_ref idref="fl-12"/>
      </object_component>
      <object_component id="oc-264">
         <name>.text</name>
         <load_address>0x555c</load_address>
         <run_address>0x555c</run_address>
         <size>0x48</size>
         <input_file_ref idref="fl-e5"/>
      </object_component>
      <object_component id="oc-164">
         <name>.text:sendByte</name>
         <load_address>0x55a4</load_address>
         <run_address>0x55a4</run_address>
         <size>0x48</size>
         <input_file_ref idref="fl-7"/>
      </object_component>
      <object_component id="oc-153">
         <name>.text</name>
         <load_address>0x55ec</load_address>
         <run_address>0x55ec</run_address>
         <size>0x44</size>
         <input_file_ref idref="fl-d1"/>
      </object_component>
      <object_component id="oc-26f">
         <name>.text</name>
         <load_address>0x5630</load_address>
         <run_address>0x5630</run_address>
         <size>0x2e</size>
         <input_file_ref idref="fl-e6"/>
      </object_component>
      <object_component id="oc-244">
         <name>.text:CS_clearInterruptFlag</name>
         <load_address>0x5660</load_address>
         <run_address>0x5660</run_address>
         <size>0x24</size>
         <input_file_ref idref="fl-12"/>
      </object_component>
      <object_component id="oc-149">
         <name>.text</name>
         <load_address>0x5684</load_address>
         <run_address>0x5684</run_address>
         <size>0x20</size>
         <input_file_ref idref="fl-d9"/>
      </object_component>
      <object_component id="oc-291">
         <name>.text</name>
         <load_address>0x56a4</load_address>
         <run_address>0x56a4</run_address>
         <size>0x1c</size>
         <input_file_ref idref="fl-e8"/>
      </object_component>
      <object_component id="oc-135">
         <name>.text:CS_getMCLK</name>
         <load_address>0x56c0</load_address>
         <run_address>0x56c0</run_address>
         <size>0x18</size>
         <input_file_ref idref="fl-12"/>
      </object_component>
      <object_component id="oc-12f">
         <name>.text:CS_getSMCLK</name>
         <load_address>0x56d8</load_address>
         <run_address>0x56d8</run_address>
         <size>0x18</size>
         <input_file_ref idref="fl-12"/>
      </object_component>
      <object_component id="oc-61">
         <name>.text</name>
         <load_address>0x56f0</load_address>
         <run_address>0x56f0</run_address>
         <size>0x18</size>
         <input_file_ref idref="fl-dc"/>
      </object_component>
      <object_component id="oc-285">
         <name>.text</name>
         <load_address>0x5708</load_address>
         <run_address>0x5708</run_address>
         <size>0x16</size>
         <input_file_ref idref="fl-ec"/>
      </object_component>
      <object_component id="oc-123">
         <name>.text:CS_setExternalClockSourceFrequency</name>
         <load_address>0x5720</load_address>
         <run_address>0x5720</run_address>
         <size>0x14</size>
         <input_file_ref idref="fl-12"/>
      </object_component>
      <object_component id="oc-107">
         <name>.text</name>
         <load_address>0x5734</load_address>
         <run_address>0x5734</run_address>
         <size>0x14</size>
         <input_file_ref idref="fl-da"/>
      </object_component>
      <object_component id="oc-2dd">
         <name>.text</name>
         <load_address>0x5748</load_address>
         <run_address>0x5748</run_address>
         <size>0x14</size>
         <input_file_ref idref="fl-ef"/>
      </object_component>
      <object_component id="oc-159">
         <name>.text</name>
         <load_address>0x575c</load_address>
         <run_address>0x575c</run_address>
         <size>0x14</size>
         <input_file_ref idref="fl-d8"/>
      </object_component>
      <object_component id="oc-225">
         <name>.text:SysCtl_disableNMISource</name>
         <load_address>0x5770</load_address>
         <run_address>0x5770</run_address>
         <size>0x10</size>
         <input_file_ref idref="fl-14"/>
      </object_component>
      <object_component id="oc-231">
         <name>.text:SysCtl_enableNMISource</name>
         <load_address>0x5780</load_address>
         <run_address>0x5780</run_address>
         <size>0x10</size>
         <input_file_ref idref="fl-14"/>
      </object_component>
      <object_component id="oc-16">
         <name>.text:decompress:none</name>
         <load_address>0x5790</load_address>
         <run_address>0x5790</run_address>
         <size>0xe</size>
         <input_file_ref idref="fl-cd"/>
      </object_component>
      <object_component id="oc-71">
         <name>.text</name>
         <load_address>0x579e</load_address>
         <run_address>0x579e</run_address>
         <size>0xe</size>
         <input_file_ref idref="fl-8"/>
      </object_component>
      <object_component id="oc-21f">
         <name>.text:SysCtl_getNMISourceStatus</name>
         <load_address>0x57ac</load_address>
         <run_address>0x57ac</run_address>
         <size>0xc</size>
         <input_file_ref idref="fl-14"/>
      </object_component>
      <object_component id="oc-1c">
         <name>.text:decompress:ZI</name>
         <load_address>0x57b8</load_address>
         <run_address>0x57b8</run_address>
         <size>0xc</size>
         <input_file_ref idref="fl-ce"/>
      </object_component>
      <object_component id="oc-129">
         <name>.text:CS_startHFXT</name>
         <load_address>0x57c4</load_address>
         <run_address>0x57c4</run_address>
         <size>0x6</size>
         <input_file_ref idref="fl-12"/>
      </object_component>
      <object_component id="oc-55">
         <name>.text</name>
         <load_address>0x57ca</load_address>
         <run_address>0x57ca</run_address>
         <size>0x4</size>
         <input_file_ref idref="fl-d5"/>
      </object_component>
      <object_component id="oc-186">
         <name>.const:.string:Font</name>
         <load_address>0x57d0</load_address>
         <run_address>0x57d0</run_address>
         <size>0x4fb</size>
         <input_file_ref idref="fl-3"/>
      </object_component>
      <object_component id="oc-191">
         <name>.const:.string:dBfs</name>
         <load_address>0x5ccb</load_address>
         <run_address>0x5ccb</run_address>
         <size>0x200</size>
         <input_file_ref idref="fl-3"/>
      </object_component>
      <object_component id="oc-2ea">
         <name>.const:.string:_ctypes_</name>
         <load_address>0x5ecb</load_address>
         <run_address>0x5ecb</run_address>
         <size>0x101</size>
         <input_file_ref idref="fl-e0"/>
      </object_component>
      <object_component id="oc-174">
         <name>.const:.string:Bcmd</name>
         <load_address>0x5fcc</load_address>
         <run_address>0x5fcc</run_address>
         <size>0x67</size>
         <input_file_ref idref="fl-3"/>
      </object_component>
      <object_component id="oc-17a">
         <name>.const:.string:Rcmd1</name>
         <load_address>0x6033</load_address>
         <run_address>0x6033</run_address>
         <size>0x3b</size>
         <input_file_ref idref="fl-3"/>
      </object_component>
      <object_component id="oc-183">
         <name>.const:.string:Rcmd3</name>
         <load_address>0x606e</load_address>
         <run_address>0x606e</run_address>
         <size>0x2b</size>
         <input_file_ref idref="fl-3"/>
      </object_component>
      <object_component id="oc-15f">
         <name>.const:$P$T0$1</name>
         <load_address>0x609c</load_address>
         <run_address>0x609c</run_address>
         <size>0x24</size>
         <input_file_ref idref="fl-2"/>
      </object_component>
      <object_component id="oc-24b">
         <name>.const:uartConfig</name>
         <load_address>0x60c0</load_address>
         <run_address>0x60c0</run_address>
         <size>0x24</size>
         <input_file_ref idref="fl-5"/>
      </object_component>
      <object_component id="oc-17d">
         <name>.const:.string:Rcmd2green</name>
         <load_address>0x60e4</load_address>
         <run_address>0x60e4</run_address>
         <size>0xd</size>
         <input_file_ref idref="fl-3"/>
      </object_component>
      <object_component id="oc-180">
         <name>.const:.string:Rcmd2red</name>
         <load_address>0x60f1</load_address>
         <run_address>0x60f1</run_address>
         <size>0xd</size>
         <input_file_ref idref="fl-3"/>
      </object_component>
      <object_component id="oc-16b">
         <name>.const:.string:$P$T0$1</name>
         <load_address>0x60fe</load_address>
         <run_address>0x60fe</run_address>
         <size>0x4</size>
         <input_file_ref idref="fl-7"/>
      </object_component>
      <object_component id="oc-334">
         <name>.cinit..data.load</name>
         <load_address>0x6108</load_address>
         <run_address>0x6108</run_address>
         <size>0x37</size>
      </object_component>
      <object_component id="oc-332">
         <name>__TI_handler_table</name>
         <load_address>0x6140</load_address>
         <run_address>0x6140</run_address>
         <size>0xc</size>
      </object_component>
      <object_component id="oc-335">
         <name>.cinit..bss.load</name>
         <load_address>0x6150</load_address>
         <run_address>0x6150</run_address>
         <size>0x8</size>
      </object_component>
      <object_component id="oc-333">
         <name>__TI_cinit_table</name>
         <load_address>0x6158</load_address>
         <run_address>0x6158</run_address>
         <size>0x10</size>
      </object_component>
      <object_component id="oc-177">
         <name>.data</name>
         <load_address>0x200000f0</load_address>
         <run_address>0x200000f0</run_address>
         <size>0x14</size>
         <input_file_ref idref="fl-3"/>
      </object_component>
      <object_component id="oc-113">
         <name>.data</name>
         <load_address>0x20000120</load_address>
         <run_address>0x20000120</run_address>
         <size>0x4</size>
         <input_file_ref idref="fl-a"/>
      </object_component>
      <object_component id="oc-a8">
         <name>.data:$O1$$</name>
         <load_address>0x20000104</load_address>
         <run_address>0x20000104</run_address>
         <size>0xc</size>
         <input_file_ref idref="fl-cf"/>
      </object_component>
      <object_component id="oc-6d">
         <name>.data</name>
         <load_address>0x2000011c</load_address>
         <run_address>0x2000011c</run_address>
         <size>0x4</size>
         <input_file_ref idref="fl-d7"/>
      </object_component>
      <object_component id="oc-ab">
         <name>.data:$O1$$</name>
         <load_address>0x20000110</load_address>
         <run_address>0x20000110</run_address>
         <size>0x8</size>
         <input_file_ref idref="fl-da"/>
      </object_component>
      <object_component id="oc-1d0">
         <name>.data:_ftable</name>
         <load_address>0x20000000</load_address>
         <run_address>0x20000000</run_address>
         <size>0xf0</size>
         <input_file_ref idref="fl-e1"/>
      </object_component>
      <object_component id="oc-2e3">
         <name>.data</name>
         <load_address>0x20000118</load_address>
         <run_address>0x20000118</run_address>
         <size>0x4</size>
         <input_file_ref idref="fl-ee"/>
      </object_component>
      <object_component id="oc-171">
         <name>.bss</name>
         <uninitialized>true</uninitialized>
         <run_address>0x20000138</run_address>
         <size>0x4</size>
         <input_file_ref idref="fl-3"/>
      </object_component>
      <object_component id="oc-189">
         <name>.common:Message</name>
         <uninitialized>true</uninitialized>
         <run_address>0x20000124</run_address>
         <size>0xc</size>
      </object_component>
      <object_component id="oc-18c">
         <name>.common:Messageindex</name>
         <uninitialized>true</uninitialized>
         <run_address>0x2000013c</run_address>
         <size>0x4</size>
      </object_component>
      <object_component id="oc-18d">
         <name>.common:Ymax</name>
         <uninitialized>true</uninitialized>
         <run_address>0x20000144</run_address>
         <size>0x4</size>
      </object_component>
      <object_component id="oc-18e">
         <name>.common:Ymin</name>
         <uninitialized>true</uninitialized>
         <run_address>0x20000148</run_address>
         <size>0x4</size>
      </object_component>
      <object_component id="oc-190">
         <name>.common:X</name>
         <uninitialized>true</uninitialized>
         <run_address>0x20000140</run_address>
         <size>0x4</size>
      </object_component>
      <object_component id="oc-18f">
         <name>.common:Yrange</name>
         <uninitialized>true</uninitialized>
         <run_address>0x2000014c</run_address>
         <size>0x4</size>
      </object_component>
      <object_component id="oc-141">
         <name>.common:g_SMCLKfreq</name>
         <uninitialized>true</uninitialized>
         <run_address>0x20000154</run_address>
         <size>0x4</size>
      </object_component>
      <object_component id="oc-144">
         <name>.common:g_MCLKfreq</name>
         <uninitialized>true</uninitialized>
         <run_address>0x20000150</run_address>
         <size>0x4</size>
      </object_component>
      <object_component id="oc-f0">
         <name>.common:motor</name>
         <uninitialized>true</uninitialized>
         <run_address>0x20000130</run_address>
         <size>0x8</size>
      </object_component>
      <object_component id="oc-146">
         <name>.common:p</name>
         <uninitialized>true</uninitialized>
         <run_address>0x20000160</run_address>
         <size>0x4</size>
      </object_component>
      <object_component id="oc-1b3">
         <name>.common:hfxtFreq</name>
         <uninitialized>true</uninitialized>
         <run_address>0x20000158</run_address>
         <size>0x4</size>
      </object_component>
      <object_component id="oc-1b0">
         <name>.common:lfxtFreq</name>
         <uninitialized>true</uninitialized>
         <run_address>0x2000015c</run_address>
         <size>0x4</size>
      </object_component>
      <object_component id="oc-2b">
         <name>.stack</name>
         <uninitialized>true</uninitialized>
         <run_address>0x2000fe00</run_address>
         <size>0x0</size>
         <input_file_ref idref="fl-cb"/>
      </object_component>
      <object_component id="oc-336">
         <name>.stack</name>
         <uninitialized>true</uninitialized>
         <run_address>0x2000fe00</run_address>
         <size>0x0</size>
      </object_component>
      <object_component id="oc-163">
         <name>.debug_info</name>
         <load_address>0x0</load_address>
         <run_address>0x0</run_address>
         <size>0x5bc</size>
         <input_file_ref idref="fl-2"/>
      </object_component>
      <object_component id="oc-160">
         <name>.debug_info</name>
         <load_address>0x5bc</load_address>
         <run_address>0x5bc</run_address>
         <size>0xd8</size>
         <input_file_ref idref="fl-2"/>
      </object_component>
      <object_component id="oc-e0">
         <name>.debug_info</name>
         <load_address>0x694</load_address>
         <run_address>0x694</run_address>
         <size>0x3e5</size>
         <input_file_ref idref="fl-2"/>
      </object_component>
      <object_component id="oc-1a6">
         <name>.debug_info</name>
         <load_address>0xa79</load_address>
         <run_address>0xa79</run_address>
         <size>0x1055</size>
         <input_file_ref idref="fl-2"/>
      </object_component>
      <object_component id="oc-1e7">
         <name>.debug_info</name>
         <load_address>0x1ace</load_address>
         <run_address>0x1ace</run_address>
         <size>0x37e2</size>
         <input_file_ref idref="fl-2"/>
      </object_component>
      <object_component id="oc-215">
         <name>.debug_info</name>
         <load_address>0x52b0</load_address>
         <run_address>0x52b0</run_address>
         <size>0x1b5</size>
         <input_file_ref idref="fl-2"/>
      </object_component>
      <object_component id="oc-1f1">
         <name>.debug_info</name>
         <load_address>0x5465</load_address>
         <run_address>0x5465</run_address>
         <size>0xc8</size>
         <input_file_ref idref="fl-2"/>
      </object_component>
      <object_component id="oc-be">
         <name>.debug_info</name>
         <load_address>0x552d</load_address>
         <run_address>0x552d</run_address>
         <size>0x8b</size>
         <input_file_ref idref="fl-2"/>
      </object_component>
      <object_component id="oc-f9">
         <name>.debug_info</name>
         <load_address>0x55b8</load_address>
         <run_address>0x55b8</run_address>
         <size>0x18b</size>
         <input_file_ref idref="fl-2"/>
      </object_component>
      <object_component id="oc-1d5">
         <name>.debug_info</name>
         <load_address>0x5743</load_address>
         <run_address>0x5743</run_address>
         <size>0x4e</size>
         <input_file_ref idref="fl-2"/>
      </object_component>
      <object_component id="oc-1ec">
         <name>.debug_info</name>
         <load_address>0x5791</load_address>
         <run_address>0x5791</run_address>
         <size>0xee</size>
         <input_file_ref idref="fl-2"/>
      </object_component>
      <object_component id="oc-18a">
         <name>.debug_info</name>
         <load_address>0x587f</load_address>
         <run_address>0x587f</run_address>
         <size>0x659</size>
         <input_file_ref idref="fl-3"/>
      </object_component>
      <object_component id="oc-178">
         <name>.debug_info</name>
         <load_address>0x5ed8</load_address>
         <run_address>0x5ed8</run_address>
         <size>0x15c</size>
         <input_file_ref idref="fl-3"/>
      </object_component>
      <object_component id="oc-187">
         <name>.debug_info</name>
         <load_address>0x6034</load_address>
         <run_address>0x6034</run_address>
         <size>0xc7</size>
         <input_file_ref idref="fl-3"/>
      </object_component>
      <object_component id="oc-172">
         <name>.debug_info</name>
         <load_address>0x60fb</load_address>
         <run_address>0x60fb</run_address>
         <size>0x133</size>
         <input_file_ref idref="fl-3"/>
      </object_component>
      <object_component id="oc-175">
         <name>.debug_info</name>
         <load_address>0x622e</load_address>
         <run_address>0x622e</run_address>
         <size>0xc8</size>
         <input_file_ref idref="fl-3"/>
      </object_component>
      <object_component id="oc-17b">
         <name>.debug_info</name>
         <load_address>0x62f6</load_address>
         <run_address>0x62f6</run_address>
         <size>0xca</size>
         <input_file_ref idref="fl-3"/>
      </object_component>
      <object_component id="oc-17e">
         <name>.debug_info</name>
         <load_address>0x63c0</load_address>
         <run_address>0x63c0</run_address>
         <size>0xd4</size>
         <input_file_ref idref="fl-3"/>
      </object_component>
      <object_component id="oc-181">
         <name>.debug_info</name>
         <load_address>0x6494</load_address>
         <run_address>0x6494</run_address>
         <size>0xd0</size>
         <input_file_ref idref="fl-3"/>
      </object_component>
      <object_component id="oc-184">
         <name>.debug_info</name>
         <load_address>0x6564</load_address>
         <run_address>0x6564</run_address>
         <size>0xca</size>
         <input_file_ref idref="fl-3"/>
      </object_component>
      <object_component id="oc-192">
         <name>.debug_info</name>
         <load_address>0x662e</load_address>
         <run_address>0x662e</run_address>
         <size>0xc9</size>
         <input_file_ref idref="fl-3"/>
      </object_component>
      <object_component id="oc-eb">
         <name>.debug_info</name>
         <load_address>0x66f7</load_address>
         <run_address>0x66f7</run_address>
         <size>0x2084</size>
         <input_file_ref idref="fl-3"/>
      </object_component>
      <object_component id="oc-1a1">
         <name>.debug_info</name>
         <load_address>0x877b</load_address>
         <run_address>0x877b</run_address>
         <size>0x37e2</size>
         <input_file_ref idref="fl-3"/>
      </object_component>
      <object_component id="oc-32">
         <name>.debug_info</name>
         <load_address>0xbf5d</load_address>
         <run_address>0xbf5d</run_address>
         <size>0x84</size>
         <input_file_ref idref="fl-3"/>
      </object_component>
      <object_component id="oc-195">
         <name>.debug_info</name>
         <load_address>0xbfe1</load_address>
         <run_address>0xbfe1</run_address>
         <size>0x51</size>
         <input_file_ref idref="fl-3"/>
      </object_component>
      <object_component id="oc-142">
         <name>.debug_info</name>
         <load_address>0xc032</load_address>
         <run_address>0xc032</run_address>
         <size>0x670</size>
         <input_file_ref idref="fl-4"/>
      </object_component>
      <object_component id="oc-d3">
         <name>.debug_info</name>
         <load_address>0xc6a2</load_address>
         <run_address>0xc6a2</run_address>
         <size>0x203</size>
         <input_file_ref idref="fl-4"/>
      </object_component>
      <object_component id="oc-24f">
         <name>.debug_info</name>
         <load_address>0xc8a5</load_address>
         <run_address>0xc8a5</run_address>
         <size>0x5b9</size>
         <input_file_ref idref="fl-5"/>
      </object_component>
      <object_component id="oc-24c">
         <name>.debug_info</name>
         <load_address>0xce5e</load_address>
         <run_address>0xce5e</run_address>
         <size>0xd3</size>
         <input_file_ref idref="fl-5"/>
      </object_component>
      <object_component id="oc-1c6">
         <name>.debug_info</name>
         <load_address>0xcf31</load_address>
         <run_address>0xcf31</run_address>
         <size>0x22c</size>
         <input_file_ref idref="fl-5"/>
      </object_component>
      <object_component id="oc-f1">
         <name>.debug_info</name>
         <load_address>0xd15d</load_address>
         <run_address>0xd15d</run_address>
         <size>0x7e5</size>
         <input_file_ref idref="fl-6"/>
      </object_component>
      <object_component id="oc-a1">
         <name>.debug_info</name>
         <load_address>0xd942</load_address>
         <run_address>0xd942</run_address>
         <size>0x43a</size>
         <input_file_ref idref="fl-6"/>
      </object_component>
      <object_component id="oc-19c">
         <name>.debug_info</name>
         <load_address>0xdd7c</load_address>
         <run_address>0xdd7c</run_address>
         <size>0x5e</size>
         <input_file_ref idref="fl-6"/>
      </object_component>
      <object_component id="oc-f4">
         <name>.debug_info</name>
         <load_address>0xddda</load_address>
         <run_address>0xddda</run_address>
         <size>0x140</size>
         <input_file_ref idref="fl-6"/>
      </object_component>
      <object_component id="oc-89">
         <name>.debug_info</name>
         <load_address>0xdf1a</load_address>
         <run_address>0xdf1a</run_address>
         <size>0x2c</size>
         <input_file_ref idref="fl-6"/>
      </object_component>
      <object_component id="oc-16f">
         <name>.debug_info</name>
         <load_address>0xdf46</load_address>
         <run_address>0xdf46</run_address>
         <size>0x5d5</size>
         <input_file_ref idref="fl-7"/>
      </object_component>
      <object_component id="oc-16c">
         <name>.debug_info</name>
         <load_address>0xe51b</load_address>
         <run_address>0xe51b</run_address>
         <size>0xcf</size>
         <input_file_ref idref="fl-7"/>
      </object_component>
      <object_component id="oc-e6">
         <name>.debug_info</name>
         <load_address>0xe5ea</load_address>
         <run_address>0xe5ea</run_address>
         <size>0x1a4a</size>
         <input_file_ref idref="fl-7"/>
      </object_component>
      <object_component id="oc-165">
         <name>.debug_info</name>
         <load_address>0x10034</load_address>
         <run_address>0x10034</run_address>
         <size>0x141</size>
         <input_file_ref idref="fl-7"/>
      </object_component>
      <object_component id="oc-1fa">
         <name>.debug_info</name>
         <load_address>0x10175</load_address>
         <run_address>0x10175</run_address>
         <size>0x86</size>
         <input_file_ref idref="fl-7"/>
      </object_component>
      <object_component id="oc-79">
         <name>.debug_info</name>
         <load_address>0x101fb</load_address>
         <run_address>0x101fb</run_address>
         <size>0x2b3</size>
         <input_file_ref idref="fl-8"/>
      </object_component>
      <object_component id="oc-29">
         <name>.debug_info</name>
         <load_address>0x104ae</load_address>
         <run_address>0x104ae</run_address>
         <size>0xf1</size>
         <input_file_ref idref="fl-8"/>
      </object_component>
      <object_component id="oc-72">
         <name>.debug_info</name>
         <load_address>0x1059f</load_address>
         <run_address>0x1059f</run_address>
         <size>0x1b8</size>
         <input_file_ref idref="fl-8"/>
      </object_component>
      <object_component id="oc-147">
         <name>.debug_info</name>
         <load_address>0x10757</load_address>
         <run_address>0x10757</run_address>
         <size>0x571</size>
         <input_file_ref idref="fl-9"/>
      </object_component>
      <object_component id="oc-d9">
         <name>.debug_info</name>
         <load_address>0x10cc8</load_address>
         <run_address>0x10cc8</run_address>
         <size>0x129d</size>
         <input_file_ref idref="fl-9"/>
      </object_component>
      <object_component id="oc-114">
         <name>.debug_info</name>
         <load_address>0x11f65</load_address>
         <run_address>0x11f65</run_address>
         <size>0xea</size>
         <input_file_ref idref="fl-a"/>
      </object_component>
      <object_component id="oc-b6">
         <name>.debug_info</name>
         <load_address>0x1204f</load_address>
         <run_address>0x1204f</run_address>
         <size>0x25c</size>
         <input_file_ref idref="fl-a"/>
      </object_component>
      <object_component id="oc-1b1">
         <name>.debug_info</name>
         <load_address>0x122ab</load_address>
         <run_address>0x122ab</run_address>
         <size>0x5ef</size>
         <input_file_ref idref="fl-12"/>
      </object_component>
      <object_component id="oc-22e">
         <name>.debug_info</name>
         <load_address>0x1289a</load_address>
         <run_address>0x1289a</run_address>
         <size>0xfc</size>
         <input_file_ref idref="fl-12"/>
      </object_component>
      <object_component id="oc-1b8">
         <name>.debug_info</name>
         <load_address>0x12996</load_address>
         <run_address>0x12996</run_address>
         <size>0x23c</size>
         <input_file_ref idref="fl-12"/>
      </object_component>
      <object_component id="oc-12c">
         <name>.debug_info</name>
         <load_address>0x12bd2</load_address>
         <run_address>0x12bd2</run_address>
         <size>0x122</size>
         <input_file_ref idref="fl-12"/>
      </object_component>
      <object_component id="oc-126">
         <name>.debug_info</name>
         <load_address>0x12cf4</load_address>
         <run_address>0x12cf4</run_address>
         <size>0x1dd</size>
         <input_file_ref idref="fl-12"/>
      </object_component>
      <object_component id="oc-23b">
         <name>.debug_info</name>
         <load_address>0x12ed1</load_address>
         <run_address>0x12ed1</run_address>
         <size>0x131</size>
         <input_file_ref idref="fl-12"/>
      </object_component>
      <object_component id="oc-2be">
         <name>.debug_info</name>
         <load_address>0x13002</load_address>
         <run_address>0x13002</run_address>
         <size>0x129</size>
         <input_file_ref idref="fl-12"/>
      </object_component>
      <object_component id="oc-241">
         <name>.debug_info</name>
         <load_address>0x1312b</load_address>
         <run_address>0x1312b</run_address>
         <size>0x1dd</size>
         <input_file_ref idref="fl-12"/>
      </object_component>
      <object_component id="oc-247">
         <name>.debug_info</name>
         <load_address>0x13308</load_address>
         <run_address>0x13308</run_address>
         <size>0x120</size>
         <input_file_ref idref="fl-12"/>
      </object_component>
      <object_component id="oc-1bf">
         <name>.debug_info</name>
         <load_address>0x13428</load_address>
         <run_address>0x13428</run_address>
         <size>0x1d8</size>
         <input_file_ref idref="fl-12"/>
      </object_component>
      <object_component id="oc-132">
         <name>.debug_info</name>
         <load_address>0x13600</load_address>
         <run_address>0x13600</run_address>
         <size>0x132</size>
         <input_file_ref idref="fl-12"/>
      </object_component>
      <object_component id="oc-138">
         <name>.debug_info</name>
         <load_address>0x13732</load_address>
         <run_address>0x13732</run_address>
         <size>0x130</size>
         <input_file_ref idref="fl-12"/>
      </object_component>
      <object_component id="oc-21a">
         <name>.debug_info</name>
         <load_address>0x13862</load_address>
         <run_address>0x13862</run_address>
         <size>0x103e</size>
         <input_file_ref idref="fl-12"/>
      </object_component>
      <object_component id="oc-2b7">
         <name>.debug_info</name>
         <load_address>0x148a0</load_address>
         <run_address>0x148a0</run_address>
         <size>0x379</size>
         <input_file_ref idref="fl-14"/>
      </object_component>
      <object_component id="oc-2c5">
         <name>.debug_info</name>
         <load_address>0x14c19</load_address>
         <run_address>0x14c19</run_address>
         <size>0x1d6</size>
         <input_file_ref idref="fl-14"/>
      </object_component>
      <object_component id="oc-223">
         <name>.debug_info</name>
         <load_address>0x14def</load_address>
         <run_address>0x14def</run_address>
         <size>0x10f</size>
         <input_file_ref idref="fl-14"/>
      </object_component>
      <object_component id="oc-235">
         <name>.debug_info</name>
         <load_address>0x14efe</load_address>
         <run_address>0x14efe</run_address>
         <size>0x12b</size>
         <input_file_ref idref="fl-14"/>
      </object_component>
      <object_component id="oc-229">
         <name>.debug_info</name>
         <load_address>0x15029</load_address>
         <run_address>0x15029</run_address>
         <size>0x12d</size>
         <input_file_ref idref="fl-14"/>
      </object_component>
      <object_component id="oc-24">
         <name>.debug_info</name>
         <load_address>0x15156</load_address>
         <run_address>0x15156</run_address>
         <size>0x160</size>
         <input_file_ref idref="fl-cb"/>
      </object_component>
      <object_component id="oc-7f">
         <name>.debug_info</name>
         <load_address>0x152b6</load_address>
         <run_address>0x152b6</run_address>
         <size>0x293</size>
         <input_file_ref idref="fl-cc"/>
      </object_component>
      <object_component id="oc-14">
         <name>.debug_info</name>
         <load_address>0x15549</load_address>
         <run_address>0x15549</run_address>
         <size>0x245</size>
         <input_file_ref idref="fl-cc"/>
      </object_component>
      <object_component id="oc-2d">
         <name>.debug_info</name>
         <load_address>0x1578e</load_address>
         <run_address>0x1578e</run_address>
         <size>0x60</size>
         <input_file_ref idref="fl-cc"/>
      </object_component>
      <object_component id="oc-7a">
         <name>.debug_info</name>
         <load_address>0x157ee</load_address>
         <run_address>0x157ee</run_address>
         <size>0x46</size>
         <input_file_ref idref="fl-cc"/>
      </object_component>
      <object_component id="oc-42">
         <name>.debug_info</name>
         <load_address>0x15834</load_address>
         <run_address>0x15834</run_address>
         <size>0x2da</size>
         <input_file_ref idref="fl-cd"/>
      </object_component>
      <object_component id="oc-1a">
         <name>.debug_info</name>
         <load_address>0x15b0e</load_address>
         <run_address>0x15b0e</run_address>
         <size>0x1df</size>
         <input_file_ref idref="fl-cd"/>
      </object_component>
      <object_component id="oc-3d">
         <name>.debug_info</name>
         <load_address>0x15ced</load_address>
         <run_address>0x15ced</run_address>
         <size>0x46</size>
         <input_file_ref idref="fl-cd"/>
      </object_component>
      <object_component id="oc-81">
         <name>.debug_info</name>
         <load_address>0x15d33</load_address>
         <run_address>0x15d33</run_address>
         <size>0x2c</size>
         <input_file_ref idref="fl-cd"/>
      </object_component>
      <object_component id="oc-4e">
         <name>.debug_info</name>
         <load_address>0x15d5f</load_address>
         <run_address>0x15d5f</run_address>
         <size>0x2c9</size>
         <input_file_ref idref="fl-ce"/>
      </object_component>
      <object_component id="oc-1e">
         <name>.debug_info</name>
         <load_address>0x16028</load_address>
         <run_address>0x16028</run_address>
         <size>0x1aa</size>
         <input_file_ref idref="fl-ce"/>
      </object_component>
      <object_component id="oc-49">
         <name>.debug_info</name>
         <load_address>0x161d2</load_address>
         <run_address>0x161d2</run_address>
         <size>0x46</size>
         <input_file_ref idref="fl-ce"/>
      </object_component>
      <object_component id="oc-af">
         <name>.debug_info</name>
         <load_address>0x16218</load_address>
         <run_address>0x16218</run_address>
         <size>0x3ce</size>
         <input_file_ref idref="fl-cf"/>
      </object_component>
      <object_component id="oc-a9">
         <name>.debug_info</name>
         <load_address>0x165e6</load_address>
         <run_address>0x165e6</run_address>
         <size>0x185</size>
         <input_file_ref idref="fl-cf"/>
      </object_component>
      <object_component id="oc-6a">
         <name>.debug_info</name>
         <load_address>0x1676b</load_address>
         <run_address>0x1676b</run_address>
         <size>0x214</size>
         <input_file_ref idref="fl-cf"/>
      </object_component>
      <object_component id="oc-14f">
         <name>.debug_info</name>
         <load_address>0x1697f</load_address>
         <run_address>0x1697f</run_address>
         <size>0x132</size>
         <input_file_ref idref="fl-d0"/>
      </object_component>
      <object_component id="oc-155">
         <name>.debug_info</name>
         <load_address>0x16ab1</load_address>
         <run_address>0x16ab1</run_address>
         <size>0x131</size>
         <input_file_ref idref="fl-d1"/>
      </object_component>
      <object_component id="oc-39">
         <name>.debug_info</name>
         <load_address>0x16be2</load_address>
         <run_address>0x16be2</run_address>
         <size>0x111</size>
         <input_file_ref idref="fl-d2"/>
      </object_component>
      <object_component id="oc-44">
         <name>.debug_info</name>
         <load_address>0x16cf3</load_address>
         <run_address>0x16cf3</run_address>
         <size>0x13f</size>
         <input_file_ref idref="fl-d3"/>
      </object_component>
      <object_component id="oc-52">
         <name>.debug_info</name>
         <load_address>0x16e32</load_address>
         <run_address>0x16e32</run_address>
         <size>0x138</size>
         <input_file_ref idref="fl-d4"/>
      </object_component>
      <object_component id="oc-59">
         <name>.debug_info</name>
         <load_address>0x16f6a</load_address>
         <run_address>0x16f6a</run_address>
         <size>0x148</size>
         <input_file_ref idref="fl-d5"/>
      </object_component>
      <object_component id="oc-1d4">
         <name>.debug_info</name>
         <load_address>0x170b2</load_address>
         <run_address>0x170b2</run_address>
         <size>0x3c6</size>
         <input_file_ref idref="fl-d6"/>
      </object_component>
      <object_component id="oc-13e">
         <name>.debug_info</name>
         <load_address>0x17478</load_address>
         <run_address>0x17478</run_address>
         <size>0x284</size>
         <input_file_ref idref="fl-d6"/>
      </object_component>
      <object_component id="oc-2ae">
         <name>.debug_info</name>
         <load_address>0x176fc</load_address>
         <run_address>0x176fc</run_address>
         <size>0xae</size>
         <input_file_ref idref="fl-d6"/>
      </object_component>
      <object_component id="oc-6e">
         <name>.debug_info</name>
         <load_address>0x177aa</load_address>
         <run_address>0x177aa</run_address>
         <size>0x109</size>
         <input_file_ref idref="fl-d7"/>
      </object_component>
      <object_component id="oc-1e2">
         <name>.debug_info</name>
         <load_address>0x178b3</load_address>
         <run_address>0x178b3</run_address>
         <size>0x284</size>
         <input_file_ref idref="fl-d8"/>
      </object_component>
      <object_component id="oc-15b">
         <name>.debug_info</name>
         <load_address>0x17b37</load_address>
         <run_address>0x17b37</run_address>
         <size>0x22a</size>
         <input_file_ref idref="fl-d8"/>
      </object_component>
      <object_component id="oc-14b">
         <name>.debug_info</name>
         <load_address>0x17d61</load_address>
         <run_address>0x17d61</run_address>
         <size>0x126</size>
         <input_file_ref idref="fl-d9"/>
      </object_component>
      <object_component id="oc-10f">
         <name>.debug_info</name>
         <load_address>0x17e87</load_address>
         <run_address>0x17e87</run_address>
         <size>0x2be</size>
         <input_file_ref idref="fl-da"/>
      </object_component>
      <object_component id="oc-ac">
         <name>.debug_info</name>
         <load_address>0x18145</load_address>
         <run_address>0x18145</run_address>
         <size>0x113</size>
         <input_file_ref idref="fl-da"/>
      </object_component>
      <object_component id="oc-109">
         <name>.debug_info</name>
         <load_address>0x18258</load_address>
         <run_address>0x18258</run_address>
         <size>0x21f</size>
         <input_file_ref idref="fl-da"/>
      </object_component>
      <object_component id="oc-298">
         <name>.debug_info</name>
         <load_address>0x18477</load_address>
         <run_address>0x18477</run_address>
         <size>0x51f</size>
         <input_file_ref idref="fl-db"/>
      </object_component>
      <object_component id="oc-1cb">
         <name>.debug_info</name>
         <load_address>0x18996</load_address>
         <run_address>0x18996</run_address>
         <size>0x1543</size>
         <input_file_ref idref="fl-db"/>
      </object_component>
      <object_component id="oc-299">
         <name>.debug_info</name>
         <load_address>0x19ed9</load_address>
         <run_address>0x19ed9</run_address>
         <size>0x86</size>
         <input_file_ref idref="fl-db"/>
      </object_component>
      <object_component id="oc-2a3">
         <name>.debug_info</name>
         <load_address>0x19f5f</load_address>
         <run_address>0x19f5f</run_address>
         <size>0x2c</size>
         <input_file_ref idref="fl-db"/>
      </object_component>
      <object_component id="oc-2f3">
         <name>.debug_info</name>
         <load_address>0x19f8b</load_address>
         <run_address>0x19f8b</run_address>
         <size>0x46</size>
         <input_file_ref idref="fl-db"/>
      </object_component>
      <object_component id="oc-29e">
         <name>.debug_info</name>
         <load_address>0x19fd1</load_address>
         <run_address>0x19fd1</run_address>
         <size>0x39</size>
         <input_file_ref idref="fl-db"/>
      </object_component>
      <object_component id="oc-a7">
         <name>.debug_info</name>
         <load_address>0x1a00a</load_address>
         <run_address>0x1a00a</run_address>
         <size>0x300</size>
         <input_file_ref idref="fl-dc"/>
      </object_component>
      <object_component id="oc-62">
         <name>.debug_info</name>
         <load_address>0x1a30a</load_address>
         <run_address>0x1a30a</run_address>
         <size>0x167</size>
         <input_file_ref idref="fl-dc"/>
      </object_component>
      <object_component id="oc-100">
         <name>.debug_info</name>
         <load_address>0x1a471</load_address>
         <run_address>0x1a471</run_address>
         <size>0x5e</size>
         <input_file_ref idref="fl-dc"/>
      </object_component>
      <object_component id="oc-2ee">
         <name>.debug_info</name>
         <load_address>0x1a4cf</load_address>
         <run_address>0x1a4cf</run_address>
         <size>0x2ae</size>
         <input_file_ref idref="fl-dd"/>
      </object_component>
      <object_component id="oc-28c">
         <name>.debug_info</name>
         <load_address>0x1a77d</load_address>
         <run_address>0x1a77d</run_address>
         <size>0x171</size>
         <input_file_ref idref="fl-dd"/>
      </object_component>
      <object_component id="oc-9f">
         <name>.debug_info</name>
         <load_address>0x1a8ee</load_address>
         <run_address>0x1a8ee</run_address>
         <size>0x483</size>
         <input_file_ref idref="fl-de"/>
      </object_component>
      <object_component id="oc-5d">
         <name>.debug_info</name>
         <load_address>0x1ad71</load_address>
         <run_address>0x1ad71</run_address>
         <size>0x190</size>
         <input_file_ref idref="fl-de"/>
      </object_component>
      <object_component id="oc-c8">
         <name>.debug_info</name>
         <load_address>0x1af01</load_address>
         <run_address>0x1af01</run_address>
         <size>0x39</size>
         <input_file_ref idref="fl-de"/>
      </object_component>
      <object_component id="oc-11e">
         <name>.debug_info</name>
         <load_address>0x1af3a</load_address>
         <run_address>0x1af3a</run_address>
         <size>0x39</size>
         <input_file_ref idref="fl-de"/>
      </object_component>
      <object_component id="oc-cd">
         <name>.debug_info</name>
         <load_address>0x1af73</load_address>
         <run_address>0x1af73</run_address>
         <size>0xcd</size>
         <input_file_ref idref="fl-de"/>
      </object_component>
      <object_component id="oc-c4">
         <name>.debug_info</name>
         <load_address>0x1b040</load_address>
         <run_address>0x1b040</run_address>
         <size>0x37a</size>
         <input_file_ref idref="fl-df"/>
      </object_component>
      <object_component id="oc-94">
         <name>.debug_info</name>
         <load_address>0x1b3ba</load_address>
         <run_address>0x1b3ba</run_address>
         <size>0x183</size>
         <input_file_ref idref="fl-df"/>
      </object_component>
      <object_component id="oc-119">
         <name>.debug_info</name>
         <load_address>0x1b53d</load_address>
         <run_address>0x1b53d</run_address>
         <size>0x2c</size>
         <input_file_ref idref="fl-df"/>
      </object_component>
      <object_component id="oc-30b">
         <name>.debug_info</name>
         <load_address>0x1b569</load_address>
         <run_address>0x1b569</run_address>
         <size>0xee</size>
         <input_file_ref idref="fl-e0"/>
      </object_component>
      <object_component id="oc-2eb">
         <name>.debug_info</name>
         <load_address>0x1b657</load_address>
         <run_address>0x1b657</run_address>
         <size>0xfa</size>
         <input_file_ref idref="fl-e0"/>
      </object_component>
      <object_component id="oc-2aa">
         <name>.debug_info</name>
         <load_address>0x1b751</load_address>
         <run_address>0x1b751</run_address>
         <size>0x139</size>
         <input_file_ref idref="fl-e1"/>
      </object_component>
      <object_component id="oc-1d1">
         <name>.debug_info</name>
         <load_address>0x1b88a</load_address>
         <run_address>0x1b88a</run_address>
         <size>0xf7</size>
         <input_file_ref idref="fl-e1"/>
      </object_component>
      <object_component id="oc-276">
         <name>.debug_info</name>
         <load_address>0x1b981</load_address>
         <run_address>0x1b981</run_address>
         <size>0x144</size>
         <input_file_ref idref="fl-e2"/>
      </object_component>
      <object_component id="oc-256">
         <name>.debug_info</name>
         <load_address>0x1bac5</load_address>
         <run_address>0x1bac5</run_address>
         <size>0x120</size>
         <input_file_ref idref="fl-e3"/>
      </object_component>
      <object_component id="oc-261">
         <name>.debug_info</name>
         <load_address>0x1bbe5</load_address>
         <run_address>0x1bbe5</run_address>
         <size>0x122</size>
         <input_file_ref idref="fl-e3"/>
      </object_component>
      <object_component id="oc-25b">
         <name>.debug_info</name>
         <load_address>0x1bd07</load_address>
         <run_address>0x1bd07</run_address>
         <size>0x132</size>
         <input_file_ref idref="fl-e4"/>
      </object_component>
      <object_component id="oc-265">
         <name>.debug_info</name>
         <load_address>0x1be39</load_address>
         <run_address>0x1be39</run_address>
         <size>0x126</size>
         <input_file_ref idref="fl-e5"/>
      </object_component>
      <object_component id="oc-271">
         <name>.debug_info</name>
         <load_address>0x1bf5f</load_address>
         <run_address>0x1bf5f</run_address>
         <size>0x124</size>
         <input_file_ref idref="fl-e6"/>
      </object_component>
      <object_component id="oc-2d3">
         <name>.debug_info</name>
         <load_address>0x1c083</load_address>
         <run_address>0x1c083</run_address>
         <size>0x2e6</size>
         <input_file_ref idref="fl-e7"/>
      </object_component>
      <object_component id="oc-26d">
         <name>.debug_info</name>
         <load_address>0x1c369</load_address>
         <run_address>0x1c369</run_address>
         <size>0x1c2</size>
         <input_file_ref idref="fl-e7"/>
      </object_component>
      <object_component id="oc-2f0">
         <name>.debug_info</name>
         <load_address>0x1c52b</load_address>
         <run_address>0x1c52b</run_address>
         <size>0x28b</size>
         <input_file_ref idref="fl-e8"/>
      </object_component>
      <object_component id="oc-294">
         <name>.debug_info</name>
         <load_address>0x1c7b6</load_address>
         <run_address>0x1c7b6</run_address>
         <size>0x1ab</size>
         <input_file_ref idref="fl-e8"/>
      </object_component>
      <object_component id="oc-2d7">
         <name>.debug_info</name>
         <load_address>0x1c961</load_address>
         <run_address>0x1c961</run_address>
         <size>0x2d9</size>
         <input_file_ref idref="fl-e9"/>
      </object_component>
      <object_component id="oc-27b">
         <name>.debug_info</name>
         <load_address>0x1cc3a</load_address>
         <run_address>0x1cc3a</run_address>
         <size>0x18a</size>
         <input_file_ref idref="fl-e9"/>
      </object_component>
      <object_component id="oc-2d8">
         <name>.debug_info</name>
         <load_address>0x1cdc4</load_address>
         <run_address>0x1cdc4</run_address>
         <size>0x2c</size>
         <input_file_ref idref="fl-e9"/>
      </object_component>
      <object_component id="oc-2e7">
         <name>.debug_info</name>
         <load_address>0x1cdf0</load_address>
         <run_address>0x1cdf0</run_address>
         <size>0x316</size>
         <input_file_ref idref="fl-ea"/>
      </object_component>
      <object_component id="oc-283">
         <name>.debug_info</name>
         <load_address>0x1d106</load_address>
         <run_address>0x1d106</run_address>
         <size>0x1d5</size>
         <input_file_ref idref="fl-ea"/>
      </object_component>
      <object_component id="oc-99">
         <name>.debug_info</name>
         <load_address>0x1d2db</load_address>
         <run_address>0x1d2db</run_address>
         <size>0x145</size>
         <input_file_ref idref="fl-eb"/>
      </object_component>
      <object_component id="oc-2e9">
         <name>.debug_info</name>
         <load_address>0x1d420</load_address>
         <run_address>0x1d420</run_address>
         <size>0x28f</size>
         <input_file_ref idref="fl-ec"/>
      </object_component>
      <object_component id="oc-286">
         <name>.debug_info</name>
         <load_address>0x1d6af</load_address>
         <run_address>0x1d6af</run_address>
         <size>0x244</size>
         <input_file_ref idref="fl-ec"/>
      </object_component>
      <object_component id="oc-252">
         <name>.debug_info</name>
         <load_address>0x1d8f3</load_address>
         <run_address>0x1d8f3</run_address>
         <size>0x17d</size>
         <input_file_ref idref="fl-ed"/>
      </object_component>
      <object_component id="oc-2e4">
         <name>.debug_info</name>
         <load_address>0x1da70</load_address>
         <run_address>0x1da70</run_address>
         <size>0xf3</size>
         <input_file_ref idref="fl-ee"/>
      </object_component>
      <object_component id="oc-2de">
         <name>.debug_info</name>
         <load_address>0x1db63</load_address>
         <run_address>0x1db63</run_address>
         <size>0x156</size>
         <input_file_ref idref="fl-ef"/>
      </object_component>
      <object_component id="oc-337">
         <name>.debug_info</name>
         <load_address>0x1dcb9</load_address>
         <run_address>0x1dcb9</run_address>
         <size>0xa0</size>
      </object_component>
      <object_component id="oc-1e6">
         <name>.debug_line</name>
         <load_address>0x0</load_address>
         <run_address>0x0</run_address>
         <size>0x7f</size>
         <input_file_ref idref="fl-2"/>
      </object_component>
      <object_component id="oc-1e4">
         <name>.debug_line</name>
         <load_address>0x7f</load_address>
         <run_address>0x7f</run_address>
         <size>0x3a</size>
         <input_file_ref idref="fl-2"/>
      </object_component>
      <object_component id="oc-df">
         <name>.debug_line</name>
         <load_address>0xb9</load_address>
         <run_address>0xb9</run_address>
         <size>0xf9</size>
         <input_file_ref idref="fl-2"/>
      </object_component>
      <object_component id="oc-1a9">
         <name>.debug_line</name>
         <load_address>0x1b2</load_address>
         <run_address>0x1b2</run_address>
         <size>0x55</size>
         <input_file_ref idref="fl-2"/>
      </object_component>
      <object_component id="oc-1ea">
         <name>.debug_line</name>
         <load_address>0x207</load_address>
         <run_address>0x207</run_address>
         <size>0x52</size>
         <input_file_ref idref="fl-2"/>
      </object_component>
      <object_component id="oc-218">
         <name>.debug_line</name>
         <load_address>0x259</load_address>
         <run_address>0x259</run_address>
         <size>0x6b</size>
         <input_file_ref idref="fl-2"/>
      </object_component>
      <object_component id="oc-1f4">
         <name>.debug_line</name>
         <load_address>0x2c4</load_address>
         <run_address>0x2c4</run_address>
         <size>0x64</size>
         <input_file_ref idref="fl-2"/>
      </object_component>
      <object_component id="oc-c1">
         <name>.debug_line</name>
         <load_address>0x328</load_address>
         <run_address>0x328</run_address>
         <size>0x20</size>
         <input_file_ref idref="fl-2"/>
      </object_component>
      <object_component id="oc-fc">
         <name>.debug_line</name>
         <load_address>0x348</load_address>
         <run_address>0x348</run_address>
         <size>0x65</size>
         <input_file_ref idref="fl-2"/>
      </object_component>
      <object_component id="oc-1d8">
         <name>.debug_line</name>
         <load_address>0x3ad</load_address>
         <run_address>0x3ad</run_address>
         <size>0x65</size>
         <input_file_ref idref="fl-2"/>
      </object_component>
      <object_component id="oc-1ef">
         <name>.debug_line</name>
         <load_address>0x412</load_address>
         <run_address>0x412</run_address>
         <size>0x69</size>
         <input_file_ref idref="fl-2"/>
      </object_component>
      <object_component id="oc-210">
         <name>.debug_line</name>
         <load_address>0x47b</load_address>
         <run_address>0x47b</run_address>
         <size>0x2f</size>
         <input_file_ref idref="fl-3"/>
      </object_component>
      <object_component id="oc-204">
         <name>.debug_line</name>
         <load_address>0x4aa</load_address>
         <run_address>0x4aa</run_address>
         <size>0x2f</size>
         <input_file_ref idref="fl-3"/>
      </object_component>
      <object_component id="oc-20e">
         <name>.debug_line</name>
         <load_address>0x4d9</load_address>
         <run_address>0x4d9</run_address>
         <size>0x2f</size>
         <input_file_ref idref="fl-3"/>
      </object_component>
      <object_component id="oc-200">
         <name>.debug_line</name>
         <load_address>0x508</load_address>
         <run_address>0x508</run_address>
         <size>0x2f</size>
         <input_file_ref idref="fl-3"/>
      </object_component>
      <object_component id="oc-202">
         <name>.debug_line</name>
         <load_address>0x537</load_address>
         <run_address>0x537</run_address>
         <size>0x2f</size>
         <input_file_ref idref="fl-3"/>
      </object_component>
      <object_component id="oc-206">
         <name>.debug_line</name>
         <load_address>0x566</load_address>
         <run_address>0x566</run_address>
         <size>0x2f</size>
         <input_file_ref idref="fl-3"/>
      </object_component>
      <object_component id="oc-208">
         <name>.debug_line</name>
         <load_address>0x595</load_address>
         <run_address>0x595</run_address>
         <size>0x2f</size>
         <input_file_ref idref="fl-3"/>
      </object_component>
      <object_component id="oc-20a">
         <name>.debug_line</name>
         <load_address>0x5c4</load_address>
         <run_address>0x5c4</run_address>
         <size>0x2f</size>
         <input_file_ref idref="fl-3"/>
      </object_component>
      <object_component id="oc-20c">
         <name>.debug_line</name>
         <load_address>0x5f3</load_address>
         <run_address>0x5f3</run_address>
         <size>0x2f</size>
         <input_file_ref idref="fl-3"/>
      </object_component>
      <object_component id="oc-212">
         <name>.debug_line</name>
         <load_address>0x622</load_address>
         <run_address>0x622</run_address>
         <size>0x2f</size>
         <input_file_ref idref="fl-3"/>
      </object_component>
      <object_component id="oc-ee">
         <name>.debug_line</name>
         <load_address>0x651</load_address>
         <run_address>0x651</run_address>
         <size>0x8b7</size>
         <input_file_ref idref="fl-3"/>
      </object_component>
      <object_component id="oc-1a4">
         <name>.debug_line</name>
         <load_address>0xf08</load_address>
         <run_address>0xf08</run_address>
         <size>0x52</size>
         <input_file_ref idref="fl-3"/>
      </object_component>
      <object_component id="oc-35">
         <name>.debug_line</name>
         <load_address>0xf5a</load_address>
         <run_address>0xf5a</run_address>
         <size>0x20</size>
         <input_file_ref idref="fl-3"/>
      </object_component>
      <object_component id="oc-198">
         <name>.debug_line</name>
         <load_address>0xf7a</load_address>
         <run_address>0xf7a</run_address>
         <size>0x2f</size>
         <input_file_ref idref="fl-3"/>
      </object_component>
      <object_component id="oc-1db">
         <name>.debug_line</name>
         <load_address>0xfa9</load_address>
         <run_address>0xfa9</run_address>
         <size>0xb7</size>
         <input_file_ref idref="fl-4"/>
      </object_component>
      <object_component id="oc-d6">
         <name>.debug_line</name>
         <load_address>0x1060</load_address>
         <run_address>0x1060</run_address>
         <size>0x69</size>
         <input_file_ref idref="fl-4"/>
      </object_component>
      <object_component id="oc-2cc">
         <name>.debug_line</name>
         <load_address>0x10c9</load_address>
         <run_address>0x10c9</run_address>
         <size>0xa9</size>
         <input_file_ref idref="fl-5"/>
      </object_component>
      <object_component id="oc-2ca">
         <name>.debug_line</name>
         <load_address>0x1172</load_address>
         <run_address>0x1172</run_address>
         <size>0x2e</size>
         <input_file_ref idref="fl-5"/>
      </object_component>
      <object_component id="oc-1c5">
         <name>.debug_line</name>
         <load_address>0x11a0</load_address>
         <run_address>0x11a0</run_address>
         <size>0x99</size>
         <input_file_ref idref="fl-5"/>
      </object_component>
      <object_component id="oc-19b">
         <name>.debug_line</name>
         <load_address>0x1239</load_address>
         <run_address>0x1239</run_address>
         <size>0xbf</size>
         <input_file_ref idref="fl-6"/>
[...]
         <object_component_ref idref="oc-e4"/>
      </symbol>
      <symbol id="sm-385">
         <name>showStrip</name>
         <value>0x2611</value>
         <object_component_ref idref="oc-e4"/>
      </symbol>
      <symbol id="sm-386">
         <name>red_one_pixel_on_intensity</name>
         <value>0x3173</value>
         <object_component_ref idref="oc-e4"/>
      </symbol>
      <symbol id="sm-39b">
         <name>Reset_Handler</name>
         <value>0x579f</value>
         <object_component_ref idref="oc-71"/>
      </symbol>
      <symbol id="sm-39c">
         <name>Default_Handler</name>
         <value>0x57ab</value>
         <object_component_ref idref="oc-71"/>
      </symbol>
      <symbol id="sm-39d">
         <name>interruptVectors</name>
         <value>0x0</value>
         <object_component_ref idref="oc-28"/>
      </symbol>
      <symbol id="sm-418">
         <name>p</name>
         <value>0x20000160</value>
      </symbol>
      <symbol id="sm-419">
         <name>stepper_full_step_rot_angle</name>
         <value>0x3c2b</value>
         <object_component_ref idref="oc-d8"/>
      </symbol>
      <symbol id="sm-41a">
         <name>stepper_wave_drive_rot_angle</name>
         <value>0x3bad</value>
         <object_component_ref idref="oc-d8"/>
      </symbol>
      <symbol id="sm-41b">
         <name>stepper_init</name>
         <value>0x3b75</value>
         <object_component_ref idref="oc-d8"/>
      </symbol>
      <symbol id="sm-41c">
         <name>stepper_half_step_rot_angle</name>
         <value>0x3ca9</value>
         <object_component_ref idref="oc-d8"/>
      </symbol>
      <symbol id="sm-462">
         <name>SystemInit</name>
         <value>0x3fb5</value>
         <object_component_ref idref="oc-b3"/>
      </symbol>
      <symbol id="sm-463">
         <name>SystemCoreClockUpdate</name>
         <value>0x3d41</value>
         <object_component_ref idref="oc-b3"/>
      </symbol>
      <symbol id="sm-464">
         <name>SystemCoreClock</name>
         <value>0x20000120</value>
         <object_component_ref idref="oc-113"/>
      </symbol>
      <symbol id="sm-51d">
         <name>CS_getMCLK</name>
         <value>0x56c1</value>
         <object_component_ref idref="oc-135"/>
      </symbol>
      <symbol id="sm-51e">
         <name>CS_clearInterruptFlag</name>
         <value>0x5661</value>
         <object_component_ref idref="oc-244"/>
      </symbol>
      <symbol id="sm-51f">
         <name>CS_startHFXT</name>
         <value>0x57c5</value>
         <object_component_ref idref="oc-129"/>
      </symbol>
      <symbol id="sm-520">
         <name>CS_getDCOFrequency</name>
         <value>0x48ad</value>
         <object_component_ref idref="oc-23e"/>
      </symbol>
      <symbol id="sm-521">
         <name>CS_setExternalClockSourceFrequency</name>
         <value>0x5721</value>
         <object_component_ref idref="oc-123"/>
      </symbol>
      <symbol id="sm-522">
         <name>CS_getSMCLK</name>
         <value>0x56d9</value>
         <object_component_ref idref="oc-12f"/>
      </symbol>
      <symbol id="sm-523">
         <name>CS_startHFXTWithTimeout</name>
         <value>0x4d6d</value>
         <object_component_ref idref="oc-1b5"/>
      </symbol>
      <symbol id="sm-557">
         <name>SysCtl_getNMISourceStatus</name>
         <value>0x57ad</value>
         <object_component_ref idref="oc-21f"/>
      </symbol>
      <symbol id="sm-558">
         <name>SysCtl_enableNMISource</name>
         <value>0x5781</value>
         <object_component_ref idref="oc-231"/>
      </symbol>
      <symbol id="sm-559">
         <name>SysCtl_disableNMISource</name>
         <value>0x5771</value>
         <object_component_ref idref="oc-225"/>
      </symbol>
      <symbol id="sm-55a">
         <name>SysCtl_getTLVInfo</name>
         <value>0x53e1</value>
         <object_component_ref idref="oc-2c1"/>
      </symbol>
      <symbol id="sm-56c">
         <name>_c_int00</name>
         <value>0x52e5</value>
         <object_component_ref idref="oc-22"/>
      </symbol>
      <symbol id="sm-56d">
         <name>__stack</name>
         <value>0x2000fe00</value>
         <object_component_ref idref="oc-2b"/>
      </symbol>
      <symbol id="sm-58b">
         <name>__TI_decompress_lzss</name>
         <value>0x5219</value>
         <object_component_ref idref="oc-10"/>
      </symbol>
      <symbol id="sm-5a2">
         <name>__TI_decompress_none</name>
         <value>0x5791</value>
         <object_component_ref idref="oc-16"/>
      </symbol>
      <symbol id="sm-5b4">
         <name>__TI_zero_init</name>
         <value>0x57b9</value>
         <object_component_ref idref="oc-1c"/>
      </symbol>
      <symbol id="sm-5d5">
         <name>C$$EXIT</name>
         <value>0x5339</value>
         <object_component_ref idref="oc-67"/>
      </symbol>
      <symbol id="sm-5d6">
         <name>abort</name>
         <value>0x533d</value>
         <object_component_ref idref="oc-67"/>
      </symbol>
      <symbol id="sm-5d7">
         <name>exit</name>
         <value>0x5345</value>
         <object_component_ref idref="oc-67"/>
      </symbol>
      <symbol id="sm-5d8">
         <name>__TI_dtors_ptr</name>
         <value>0x20000108</value>
         <object_component_ref idref="oc-a8"/>
      </symbol>
      <symbol id="sm-5d9">
         <name>__TI_cleanup_ptr</name>
         <value>0x20000104</value>
         <object_component_ref idref="oc-a8"/>
      </symbol>
      <symbol id="sm-5da">
         <name>__TI_enable_exit_profile_output</name>
         <value>0x2000010c</value>
         <object_component_ref idref="oc-a8"/>
      </symbol>
      <symbol id="sm-5e5">
         <name>__aeabi_dmul</name>
         <value>0x49b1</value>
         <object_component_ref idref="oc-14e"/>
      </symbol>
      <symbol id="sm-5ef">
         <name>__aeabi_d2uiz</name>
         <value>0x55ed</value>
         <object_component_ref idref="oc-153"/>
      </symbol>
      <symbol id="sm-60a">
         <name>memcpy</name>
         <value>0x4ea5</value>
         <object_component_ref idref="oc-37"/>
      </symbol>
      <symbol id="sm-60b">
         <name>__aeabi_memcpy</name>
         <value>0x4ea5</value>
         <object_component_ref idref="oc-37"/>
      </symbol>
      <symbol id="sm-60c">
         <name>__aeabi_memcpy8</name>
         <value>0x4ea5</value>
         <object_component_ref idref="oc-37"/>
      </symbol>
      <symbol id="sm-60d">
         <name>__aeabi_memcpy4</name>
         <value>0x4ea5</value>
         <object_component_ref idref="oc-37"/>
      </symbol>
      <symbol id="sm-61c">
         <name>__aeabi_memset</name>
         <value>0x504f</value>
         <object_component_ref idref="oc-43"/>
      </symbol>
      <symbol id="sm-61d">
         <name>memset</name>
         <value>0x5055</value>
         <object_component_ref idref="oc-43"/>
      </symbol>
      <symbol id="sm-61e">
         <name>__aeabi_memset8</name>
         <value>0x504f</value>
         <object_component_ref idref="oc-43"/>
      </symbol>
      <symbol id="sm-61f">
         <name>__aeabi_memset4</name>
         <value>0x504f</value>
         <object_component_ref idref="oc-43"/>
      </symbol>
      <symbol id="sm-620">
         <name>__aeabi_memclr8</name>
         <value>0x504d</value>
         <object_component_ref idref="oc-43"/>
      </symbol>
      <symbol id="sm-621">
         <name>__aeabi_memclr4</name>
         <value>0x504d</value>
         <object_component_ref idref="oc-43"/>
      </symbol>
      <symbol id="sm-622">
         <name>__aeabi_memclr</name>
         <value>0x504d</value>
         <object_component_ref idref="oc-43"/>
      </symbol>
      <symbol id="sm-62c">
         <name>__mpu_init</name>
         <value>0x25a3</value>
         <object_component_ref idref="oc-4f"/>
      </symbol>
      <symbol id="sm-636">
         <name>_system_pre_init</name>
         <value>0x57cb</value>
         <object_component_ref idref="oc-55"/>
      </symbol>
      <symbol id="sm-654">
         <name>printf</name>
         <value>0x51b1</value>
         <object_component_ref idref="oc-13b"/>
      </symbol>
      <symbol id="sm-65c">
         <name>main_func_sp</name>
         <value>0x2000011c</value>
         <object_component_ref idref="oc-6d"/>
      </symbol>
      <symbol id="sm-66a">
         <name>strlen</name>
         <value>0x575d</value>
         <object_component_ref idref="oc-159"/>
      </symbol>
      <symbol id="sm-674">
         <name>__aeabi_ui2d</name>
         <value>0x5685</value>
         <object_component_ref idref="oc-149"/>
      </symbol>
      <symbol id="sm-68d">
         <name>_nop</name>
         <value>0x5743</value>
         <object_component_ref idref="oc-107"/>
      </symbol>
      <symbol id="sm-68e">
         <name>_lock</name>
         <value>0x20000110</value>
         <object_component_ref idref="oc-ab"/>
      </symbol>
      <symbol id="sm-68f">
         <name>_unlock</name>
         <value>0x20000114</value>
         <object_component_ref idref="oc-ab"/>
      </symbol>
      <symbol id="sm-690">
         <name>_register_lock</name>
         <value>0x573b</value>
         <object_component_ref idref="oc-107"/>
      </symbol>
      <symbol id="sm-691">
         <name>_register_unlock</name>
         <value>0x5735</value>
         <object_component_ref idref="oc-107"/>
      </symbol>
      <symbol id="sm-797">
         <name>__TI_printfi</name>
         <value>0x1ca9</value>
         <object_component_ref idref="oc-1ca"/>
      </symbol>
      <symbol id="sm-7ab">
         <name>_args_main</name>
         <value>0x56f1</value>
         <object_component_ref idref="oc-61"/>
      </symbol>
      <symbol id="sm-7c1">
         <name>atoi</name>
         <value>0x547d</value>
         <object_component_ref idref="oc-28b"/>
      </symbol>
      <symbol id="sm-7eb">
         <name>__TI_auto_init</name>
         <value>0x5139</value>
         <object_component_ref idref="oc-5b"/>
      </symbol>
      <symbol id="sm-805">
         <name>copy_in</name>
         <value>0x54c9</value>
         <object_component_ref idref="oc-92"/>
      </symbol>
      <symbol id="sm-810">
         <name>_ctypes_</name>
         <value>0x5ecb</value>
         <object_component_ref idref="oc-2ea"/>
      </symbol>
      <symbol id="sm-81c">
         <name>_ftable</name>
         <value>0x20000000</value>
         <object_component_ref idref="oc-1d0"/>
      </symbol>
      <symbol id="sm-833">
         <name>__aeabi_dsub</name>
         <value>0x44a9</value>
         <object_component_ref idref="oc-274"/>
      </symbol>
      <symbol id="sm-834">
         <name>__aeabi_dadd</name>
         <value>0x44b3</value>
         <object_component_ref idref="oc-274"/>
      </symbol>
      <symbol id="sm-856">
         <name>__aeabi_cdcmpeq</name>
         <value>0x4f41</value>
         <object_component_ref idref="oc-255"/>
      </symbol>
      <symbol id="sm-857">
         <name>__aeabi_cdcmple</name>
         <value>0x4f41</value>
         <object_component_ref idref="oc-255"/>
      </symbol>
      <symbol id="sm-858">
         <name>__aeabi_cdrcmple</name>
         <value>0x4fc7</value>
         <object_component_ref idref="oc-25f"/>
      </symbol>
      <symbol id="sm-86c">
         <name>__aeabi_ddiv</name>
         <value>0x465f</value>
         <object_component_ref idref="oc-25a"/>
      </symbol>
      <symbol id="sm-876">
         <name>__aeabi_d2iz</name>
         <value>0x555d</value>
         <object_component_ref idref="oc-264"/>
      </symbol>
      <symbol id="sm-880">
         <name>__aeabi_i2d</name>
         <value>0x5631</value>
         <object_component_ref idref="oc-26f"/>
      </symbol>
      <symbol id="sm-88f">
         <name>ltoa</name>
         <value>0x538d</value>
         <object_component_ref idref="oc-269"/>
      </symbol>
      <symbol id="sm-89f">
         <name>memccpy</name>
         <value>0x56a5</value>
         <object_component_ref idref="oc-291"/>
      </symbol>
      <symbol id="sm-8ba">
         <name>frexpl</name>
         <value>0x5281</value>
         <object_component_ref idref="oc-279"/>
      </symbol>
      <symbol id="sm-8bb">
         <name>frexp</name>
         <value>0x5281</value>
         <object_component_ref idref="oc-279"/>
      </symbol>
      <symbol id="sm-8d8">
         <name>scalbn</name>
         <value>0x4aad</value>
         <object_component_ref idref="oc-27f"/>
      </symbol>
      <symbol id="sm-8d9">
         <name>scalbnl</name>
         <value>0x4aad</value>
         <object_component_ref idref="oc-27f"/>
      </symbol>
      <symbol id="sm-8da">
         <name>ldexpl</name>
         <value>0x4aad</value>
         <object_component_ref idref="oc-27f"/>
      </symbol>
      <symbol id="sm-8db">
         <name>ldexp</name>
         <value>0x4aad</value>
         <object_component_ref idref="oc-27f"/>
      </symbol>
      <symbol id="sm-8e5">
         <name>_system_post_cinit</name>
         <value>0x50c7</value>
         <object_component_ref idref="oc-98"/>
      </symbol>
      <symbol id="sm-8f5">
         <name>strchr</name>
         <value>0x5709</value>
         <object_component_ref idref="oc-285"/>
      </symbol>
      <symbol id="sm-911">
         <name>__aeabi_uldivmod</name>
         <value>0x42b5</value>
         <object_component_ref idref="oc-250"/>
      </symbol>
      <symbol id="sm-919">
         <name>errno</name>
         <value>0x20000118</value>
         <object_component_ref idref="oc-2e3"/>
      </symbol>
      <symbol id="sm-923">
         <name>copysign</name>
         <value>0x5749</value>
         <object_component_ref idref="oc-2dd"/>
      </symbol>
      <symbol id="sm-924">
         <name>copysignl</name>
         <value>0x5749</value>
         <object_component_ref idref="oc-2dd"/>
      </symbol>
      <symbol id="sm-925">
         <name>__TI_static_base__</name>
         <value>0x0</value>
      </symbol>
      <symbol id="sm-928">
         <name>SHT$$INIT_ARRAY$$Limit</name>
         <value>0x0</value>
      </symbol>
      <symbol id="sm-929">
         <name>SHT$$INIT_ARRAY$$Base</name>
         <value>0x0</value>
      </symbol>
      <symbol id="sm-92a">
         <name>NMI_Handler</name>
         <value>0x57ab</value>
      </symbol>
      <symbol id="sm-92b">
         <name>HardFault_Handler</name>
         <value>0x57ab</value>
      </symbol>
      <symbol id="sm-92c">
         <name>MemManage_Handler</name>
         <value>0x57ab</value>
      </symbol>
      <symbol id="sm-92d">
         <name>BusFault_Handler</name>
         <value>0x57ab</value>
      </symbol>
      <symbol id="sm-92e">
         <name>UsageFault_Handler</name>
         <value>0x57ab</value>
      </symbol>
      <symbol id="sm-92f">
         <name>SVC_Handler</name>
         <value>0x57ab</value>
      </symbol>
      <symbol id="sm-930">
         <name>DebugMon_Handler</name>
         <value>0x57ab</value>
      </symbol>
      <symbol id="sm-931">
         <name>PendSV_Handler</name>
         <value>0x57ab</value>
      </symbol>
      <symbol id="sm-932">
         <name>SysTick_Handler</name>
         <value>0x57ab</value>
      </symbol>
      <symbol id="sm-933">
         <name>PSS_IRQHandler</name>
         <value>0x57ab</value>
      </symbol>
      <symbol id="sm-934">
         <name>CS_IRQHandler</name>
         <value>0x57ab</value>
      </symbol>
      <symbol id="sm-935">
         <name>PCM_IRQHandler</name>
         <value>0x57ab</value>
      </symbol>
      <symbol id="sm-936">
         <name>WDT_A_IRQHandler</name>
         <value>0x57ab</value>
      </symbol>
      <symbol id="sm-937">
         <name>FPU_IRQHandler</name>
         <value>0x57ab</value>
      </symbol>
      <symbol id="sm-938">
         <name>FLCTL_IRQHandler</name>
         <value>0x57ab</value>
      </symbol>
      <symbol id="sm-939">
         <name>COMP_E0_IRQHandler</name>
         <value>0x57ab</value>
      </symbol>
      <symbol id="sm-93a">
         <name>COMP_E1_IRQHandler</name>
         <value>0x57ab</value>
      </symbol>
      <symbol id="sm-93b">
         <name>TA0_0_IRQHandler</name>
         <value>0x57ab</value>
      </symbol>
      <symbol id="sm-93c">
         <name>TA0_N_IRQHandler</name>
         <value>0x57ab</value>
      </symbol>
      <symbol id="sm-93d">
         <name>TA1_0_IRQHandler</name>
         <value>0x57ab</value>
      </symbol>
      <symbol id="sm-93e">
         <name>TA1_N_IRQHandler</name>
         <value>0x57ab</value>
      </symbol>
      <symbol id="sm-93f">
         <name>TA2_0_IRQHandler</name>
         <value>0x57ab</value>
      </symbol>
      <symbol id="sm-940">
         <name>TA2_N_IRQHandler</name>
         <value>0x57ab</value>
      </symbol>
      <symbol id="sm-941">
         <name>TA3_0_IRQHandler</name>
         <value>0x57ab</value>
      </symbol>
      <symbol id="sm-942">
         <name>TA3_N_IRQHandler</name>
         <value>0x57ab</value>
      </symbol>
      <symbol id="sm-943">
         <name>EUSCIA0_IRQHandler</name>
         <value>0x57ab</value>
      </symbol>
      <symbol id="sm-944">
         <name>EUSCIA1_IRQHandler</name>
         <value>0x57ab</value>
      </symbol>
      <symbol id="sm-945">
         <name>EUSCIA2_IRQHandler</name>
         <value>0x57ab</value>
      </symbol>
      <symbol id="sm-946">
         <name>EUSCIA3_IRQHandler</name>
         <value>0x57ab</value>
      </symbol>
      <symbol id="sm-947">
         <name>EUSCIB0_IRQHandler</name>
         <value>0x57ab</value>
      </symbol>
      <symbol id="sm-948">
         <name>EUSCIB1_IRQHandler</name>
         <value>0x57ab</value>
      </symbol>
      <symbol id="sm-949">
         <name>EUSCIB2_IRQHandler</name>
         <value>0x57ab</value>
      </symbol>
      <symbol id="sm-94a">
         <name>EUSCIB3_IRQHandler</name>
         <value>0x57ab</value>
      </symbol>
      <symbol id="sm-94b">
         <name>ADC14_IRQHandler</name>
         <value>0x57ab</value>
      </symbol>
      <symbol id="sm-94c">
         <name>T32_INT1_IRQHandler</name>
         <value>0x57ab</value>
      </symbol>
      <symbol id="sm-94d">
         <name>T32_INT2_IRQHandler</name>
         <value>0x57ab</value>
      </symbol>
      <symbol id="sm-94e">
         <name>T32_INTC_IRQHandler</name>
         <value>0x57ab</value>
      </symbol>
      <symbol id="sm-94f">
         <name>AES256_IRQHandler</name>
         <value>0x57ab</value>
      </symbol>
      <symbol id="sm-950">
         <name>RTC_C_IRQHandler</name>
         <value>0x57ab</value>
      </symbol>
      <symbol id="sm-951">
         <name>DMA_ERR_IRQHandler</name>
         <value>0x57ab</value>
      </symbol>
      <symbol id="sm-952">
         <name>DMA_INT3_IRQHandler</name>
         <value>0x57ab</value>
      </symbol>
      <symbol id="sm-953">
         <name>DMA_INT2_IRQHandler</name>
         <value>0x57ab</value>
      </symbol>
      <symbol id="sm-954">
         <name>DMA_INT1_IRQHandler</name>
         <value>0x57ab</value>
      </symbol>
      <symbol id="sm-955">
         <name>DMA_INT0_IRQHandler</name>
         <value>0x57ab</value>
      </symbol>
      <symbol id="sm-956">
         <name>PORT1_IRQHandler</name>
         <value>0x57ab</value>
      </symbol>
      <symbol id="sm-957">
         <name>PORT2_IRQHandler</name>
         <value>0x57ab</value>
      </symbol>
      <symbol id="sm-958">
         <name>PORT3_IRQHandler</name>
         <value>0x57ab</value>
      </symbol>
      <symbol id="sm-959">
         <name>PORT4_IRQHandler</name>
         <value>0x57ab</value>
      </symbol>
      <symbol id="sm-95a">
         <name>PORT5_IRQHandler</name>
         <value>0x57ab</value>
      </symbol>
      <symbol id="sm-95b">
         <name>PORT6_IRQHandler</name>
         <value>0x57ab</value>
      </symbol>
   </symbol_table>
   <title>Link successful</title>
</link_info>
