******************************************************************************
                  TI ARM Linker PC v16.9.4                     
******************************************************************************
>> Linked Tue Dec 12 10:52:58 2017

OUTPUT FILE NAME:   <RGB_Line_LED.out>
ENTRY POINT SYMBOL: "_c_int00"  address: 000052e5


MEMORY CONFIGURATION

         name            origin    length      used     unused   attr    fill
----------------------  --------  ---------  --------  --------  ----  --------
  MAIN                  00000000   00040000  00006160  00039ea0  R  X
  INFO                  00200000   00004000  00000000  00004000  R  X
  SRAM_CODE             01000000   00010000  00000000  00010000  RW X
  SRAM_DATA             20000000   00010000  00000364  0000fc9c  RW  


SEGMENT ALLOCATION MAP

run origin  load origin   length   init length attrs members
----------  ----------- ---------- ----------- ----- -------
00000000    00000000    00006168   00006168    r-x
  00000000    00000000    000000e4   000000e4    r-- .intvecs
  000000e4    000000e4    000056ea   000056ea    r-x .text
  000057d0    000057d0    00000932   00000932    r-- .const
  00006108    00006108    00000060   00000060    r-- .cinit
20000000    20000000    00000164   00000000    rw-
  20000000    20000000    00000124   00000000    rw- .data
  20000124    20000124    00000040   00000000    rw- .bss
2000fe00    2000fe00    00000200   00000000    rw-
  2000fe00    2000fe00    00000200   00000000    rw- .stack


SECTION ALLOCATION MAP

 output                                  attributes/
section   page    origin      length       input sections
--------  ----  ----------  ----------   ----------------
.intvecs   0    00000000    000000e4     
                  00000000    000000e4     startup_msp432p401r_ccs.obj (.intvecs:retain)

.text      0    000000e4    000056ea     
                  000000e4    00001380     ST7735.obj (.text)
                  00001464    0000113e     rtsv7M4_T_le_v4SPD16_eabi.lib : _printfi.obj (.text)
                  000025a2    00000002                                   : mpu_init.obj (.text)
                  000025a4    00000fc0     neopixel.obj (.text)
                  00003564    000007dc     stepper_motor.obj (.text)
                  00003d40    0000032c     system_msp432p401r.obj (.text)
                  0000406c    00000248     main.obj (.text)
                  000042b4    000001f4     rtsv7M4_T_le_v4SPD16_eabi.lib : ull_div_t2.obj (.text)
                  000044a8    000001b6                                   : fd_add_t2.obj (.text)
                  0000465e    00000136                                   : fd_div_t2.obj (.text)
                  00004794    00000118     BackchannelUartIO.obj (.text)
                  000048ac    00000104     msp432p4xx_driverlib.lib : cs.o (.text:CS_getDCOFrequency)
                  000049b0    000000fc     rtsv7M4_T_le_v4SPD16_eabi.lib : fd_mul_t2.obj (.text)
                  00004aac    000000fc                                   : s_scalbn.obj (.text)
                  00004ba8    000000f0     clk.obj (.text)
                  00004c98    000000d4     debug.obj (.text)
                  00004d6c    0000009c     msp432p4xx_driverlib.lib : cs.o (.text:CS_startHFXTWithTimeout)
                  00004e08    0000009c                              : cs.o (.text:_CSComputeCLKFrequency)
                  00004ea4    0000009c     rtsv7M4_T_le_v4SPD16_eabi.lib : memcpy_t2.obj (.text)
                  00004f40    00000086                                   : fd_cmp_t2.obj (.text:__aeabi_cdcmple)
                  00004fc6    00000086                                   : fd_cmp_t2.obj (.text:__aeabi_cdrcmple)
                  0000504c    0000007a                                   : memset_t2.obj (.text)
                  000050c6    00000002                                   : startup.obj (.text)
                  000050c8    00000070     msp432p4xx_driverlib.lib : cs.o (.text:_CSGetHFXTFrequency)
                  00005138    00000070     rtsv7M4_T_le_v4SPD16_eabi.lib : autoinit.obj (.text)
                  000051a8    00000070                                   : printf.obj (.text)
                  00005218    00000068                                   : copy_decompress_lzss.obj (.text:decompress:lzss)
                  00005280    00000064                                   : s_frexp.obj (.text)
                  000052e4    00000054                                   : boot.obj (.text)
                  00005338    00000054                                   : exit.obj (.text)
                  0000538c    00000054                                   : ltoa.obj (.text)
                  000053e0    00000050     msp432p4xx_driverlib.lib : sysctl.o (.text:SysCtl_getTLVInfo)
                  00005430    0000004c                              : cs.o (.text:_CSGetDOCFrequency)
                  0000547c    0000004c     rtsv7M4_T_le_v4SPD16_eabi.lib : atoi.obj (.text)
                  000054c8    0000004c                                   : cpy_tbl.obj (.text)
                  00005514    00000048     msp432p4xx_driverlib.lib : cs.o (.text:_CSGetDividerValue)
                  0000555c    00000048     rtsv7M4_T_le_v4SPD16_eabi.lib : fd_toi_t2.obj (.text)
                  000055a4    00000048     neopixel.obj (.text:sendByte)
                  000055ec    00000044     rtsv7M4_T_le_v4SPD16_eabi.lib : fd_tou_t2.obj (.text)
                  00005630    0000002e                                   : i_tofd_t2.obj (.text)
                  0000565e    00000002     --HOLE-- [fill = 0]
                  00005660    00000024     msp432p4xx_driverlib.lib : cs.o (.text:CS_clearInterruptFlag)
                  00005684    00000020     rtsv7M4_T_le_v4SPD16_eabi.lib : u_tofd_t2.obj (.text)
                  000056a4    0000001c                                   : memccpy.obj (.text)
                  000056c0    00000018     msp432p4xx_driverlib.lib : cs.o (.text:CS_getMCLK)
                  000056d8    00000018                              : cs.o (.text:CS_getSMCLK)
                  000056f0    00000018     rtsv7M4_T_le_v4SPD16_eabi.lib : args_main.obj (.text)
                  00005708    00000016                                   : strchr.obj (.text)
                  0000571e    00000002     --HOLE-- [fill = 0]
                  00005720    00000014     msp432p4xx_driverlib.lib : cs.o (.text:CS_setExternalClockSourceFrequency)
                  00005734    00000014     rtsv7M4_T_le_v4SPD16_eabi.lib : _lock.obj (.text)
                  00005748    00000014                                   : s_copysign.obj (.text)
                  0000575c    00000014                                   : strlen.obj (.text)
                  00005770    00000010     msp432p4xx_driverlib.lib : sysctl.o (.text:SysCtl_disableNMISource)
                  00005780    00000010                              : sysctl.o (.text:SysCtl_enableNMISource)
                  00005790    0000000e     rtsv7M4_T_le_v4SPD16_eabi.lib : copy_decompress_none.obj (.text:decompress:none)
                  0000579e    0000000e     startup_msp432p401r_ccs.obj (.text)
                  000057ac    0000000c     msp432p4xx_driverlib.lib : sysctl.o (.text:SysCtl_getNMISourceStatus)
                  000057b8    0000000c     rtsv7M4_T_le_v4SPD16_eabi.lib : copy_zero_init.obj (.text:decompress:ZI)
                  000057c4    00000006     msp432p4xx_driverlib.lib : cs.o (.text:CS_startHFXT)
                  000057ca    00000004     rtsv7M4_T_le_v4SPD16_eabi.lib : pre_init.obj (.text)

.const     0    000057d0    00000932     
                  000057d0    000004fb     ST7735.obj (.const:.string:Font)
                  00005ccb    00000200     ST7735.obj (.const:.string:dBfs)
                  00005ecb    00000101     rtsv7M4_T_le_v4SPD16_eabi.lib : ctype.obj (.const:.string:_ctypes_)
                  00005fcc    00000067     ST7735.obj (.const:.string:Bcmd)
                  00006033    0000003b     ST7735.obj (.const:.string:Rcmd1)
                  0000606e    0000002b     ST7735.obj (.const:.string:Rcmd3)
                  00006099    00000003     --HOLE-- [fill = 0]
                  0000609c    00000024     BackchannelUartIO.obj (.const:$P$T0$1)
                  000060c0    00000024     debug.obj (.const:uartConfig)
                  000060e4    0000000d     ST7735.obj (.const:.string:Rcmd2green)
                  000060f1    0000000d     ST7735.obj (.const:.string:Rcmd2red)
                  000060fe    00000004     neopixel.obj (.const:.string:$P$T0$1)

.cinit     0    00006108    00000060     
                  00006108    00000037     (.cinit..data.load) [load image, compression = lzss]
                  0000613f    00000001     --HOLE-- [fill = 0]
                  00006140    0000000c     (__TI_handler_table)
                  0000614c    00000004     --HOLE-- [fill = 0]
                  00006150    00000008     (.cinit..bss.load) [load image, compression = zero_init]
                  00006158    00000010     (__TI_cinit_table)

.init_array 
*          0    00000000    00000000     UNINITIALIZED

.data      0    20000000    00000124     UNINITIALIZED
                  20000000    000000f0     rtsv7M4_T_le_v4SPD16_eabi.lib : defs.obj (.data:_ftable)
                  200000f0    00000014     ST7735.obj (.data)
                  20000104    0000000c     rtsv7M4_T_le_v4SPD16_eabi.lib : exit.obj (.data:$O1$$)
                  20000110    00000008                                   : _lock.obj (.data:$O1$$)
                  20000118    00000004                                   : errno.obj (.data)
                  2000011c    00000004                                   : stkdepth_vars.obj (.data)
                  20000120    00000004     system_msp432p401r.obj (.data)

.bss       0    20000124    00000040     UNINITIALIZED
                  20000124    0000000c     (.common:Message)
                  20000130    00000008     (.common:motor)
                  20000138    00000004     ST7735.obj (.bss)
                  2000013c    00000004     (.common:Messageindex)
                  20000140    00000004     (.common:X)
                  20000144    00000004     (.common:Ymax)
                  20000148    00000004     (.common:Ymin)
                  2000014c    00000004     (.common:Yrange)
                  20000150    00000004     (.common:g_MCLKfreq)
                  20000154    00000004     (.common:g_SMCLKfreq)
                  20000158    00000004     (.common:hfxtFreq)
                  2000015c    00000004     (.common:lfxtFreq)
                  20000160    00000004     (.common:p)

.stack     0    2000fe00    00000200     UNINITIALIZED
                  2000fe00    00000200     --HOLE--

MODULE SUMMARY

       Module                        code    ro data   rw data
       ------                        ----    -------   -------
    .\
       ST7735.obj                    4992    2018      56     
       neopixel.obj                  4104    4         0      
       stepper_motor.obj             2012    0         4      
       system_msp432p401r.obj        812     0         4      
       main.obj                      584     0         8      
       BackchannelUartIO.obj         280     36        0      
       clk.obj                       240     0         8      
       debug.obj                     212     36        0      
       startup_msp432p401r_ccs.obj   14      228       0      
    +--+-----------------------------+-------+---------+---------+
       Total:                        13250   2322      80     
                                                              
    C:/ti/msp/MSP432Ware_3_50_00_02/driverlib/driverlib/MSP432P4xx/ccs/msp432p4xx_driverlib.lib
       cs.o                          942     0         8      
       sysctl.o                      124     0         0      
    +--+-----------------------------+-------+---------+---------+
       Total:                        1066    0         8      
                                                              
    C:\ti\ccsv7\tools\compiler\ti-cgt-arm_16.9.4.LTS\lib\rtsv7M4_T_le_v4SPD16_eabi.lib
       _printfi.obj                  4414    0         0      
       ull_div_t2.obj                500     0         0      
       fd_add_t2.obj                 438     0         0      
       fd_div_t2.obj                 310     0         0      
       fd_cmp_t2.obj                 268     0         0      
       ctype.obj                     0       257       0      
       fd_mul_t2.obj                 252     0         0      
       s_scalbn.obj                  252     0         0      
       defs.obj                      0       0         240    
       memcpy_t2.obj                 156     0         0      
       memset_t2.obj                 122     0         0      
       autoinit.obj                  112     0         0      
       printf.obj                    112     0         0      
       copy_decompress_lzss.obj      104     0         0      
       s_frexp.obj                   100     0         0      
       exit.obj                      84      0         12     
       boot.obj                      84      0         0      
       ltoa.obj                      84      0         0      
       atoi.obj                      76      0         0      
       cpy_tbl.obj                   76      0         0      
       fd_toi_t2.obj                 72      0         0      
       fd_tou_t2.obj                 68      0         0      
       i_tofd_t2.obj                 46      0         0      
       u_tofd_t2.obj                 32      0         0      
       _lock.obj                     20      0         8      
       memccpy.obj                   28      0         0      
       args_main.obj                 24      0         0      
       strchr.obj                    22      0         0      
       s_copysign.obj                20      0         0      
       strlen.obj                    20      0         0      
       copy_decompress_none.obj      14      0         0      
       copy_zero_init.obj            12      0         0      
       errno.obj                     0       0         4      
       pre_init.obj                  4       0         0      
       stkdepth_vars.obj             0       0         4      
       mpu_init.obj                  2       0         0      
       startup.obj                   2       0         0      
    +--+-----------------------------+-------+---------+---------+
       Total:                        7930    257       268    
                                                              
       Stack:                        0       0         512    
       Linker Generated:             0       91        0      
    +--+-----------------------------+-------+---------+---------+
       Grand Total:                  22246   2670      868    


LINKER GENERATED COPY TABLES

__TI_cinit_table @ 00006158 records: 2, size/record: 8, table size: 16
	.data: load addr=00006108, load size=00000037 bytes, run addr=20000000, run size=00000124 bytes, compression=lzss
	.bss: load addr=00006150, load size=00000008 bytes, run addr=20000124, run size=00000040 bytes, compression=zero_init


LINKER GENERATED HANDLER TABLE

__TI_handler_table @ 00006140 records: 3, size/record: 4, table size: 12
	index: 0, handler: __TI_decompress_lzss
	index: 1, handler: __TI_decompress_none
	index: 2, handler: __TI_zero_init


GLOBAL SYMBOLS: SORTED ALPHABETICALLY BY Name 

address   name                              
-------   ----                              
000057ab  ADC14_IRQHandler                  
000057ab  AES256_IRQHandler                 
000057ab  BusFault_Handler                  
00005339  C$$EXIT                           
000057ab  COMP_E0_IRQHandler                
000057ab  COMP_E1_IRQHandler                
000057ab  CS_IRQHandler                     
00005661  CS_clearInterruptFlag             
000048ad  CS_getDCOFrequency                
000056c1  CS_getMCLK                        
000056d9  CS_getSMCLK                       
00005721  CS_setExternalClockSourceFrequency
000057c5  CS_startHFXT                      
00004d6d  CS_startHFXTWithTimeout           
000057ab  DMA_ERR_IRQHandler                
000057ab  DMA_INT0_IRQHandler               
000057ab  DMA_INT1_IRQHandler               
000057ab  DMA_INT2_IRQHandler               
000057ab  DMA_INT3_IRQHandler               
000057ab  DebugMon_Handler                  
000057ab  Default_Handler                   
0000015b  Delay1ms                          
000057ab  EUSCIA0_IRQHandler                
000057ab  EUSCIA1_IRQHandler                
000057ab  EUSCIA2_IRQHandler                
000057ab  EUSCIA3_IRQHandler                
000057ab  EUSCIB0_IRQHandler                
000057ab  EUSCIB1_IRQHandler                
000057ab  EUSCIB2_IRQHandler                
000057ab  EUSCIB3_IRQHandler                
000057ab  FLCTL_IRQHandler                  
000057ab  FPU_IRQHandler                    
000057ab  HardFault_Handler                 
000057ab  MemManage_Handler                 
20000124  Message                           
2000013c  Messageindex                      
000057ab  NMI_Handler                       
00001405  Output_Clear                      
0000141f  Output_Color                      
000013f5  Output_Init                       
0000140f  Output_Off                        
00001417  Output_On                         
000057ab  PCM_IRQHandler                    
000057ab  PORT1_IRQHandler                  
000057ab  PORT2_IRQHandler                  
000057ab  PORT3_IRQHandler                  
000057ab  PORT4_IRQHandler                  
000057ab  PORT5_IRQHandler                  
000057ab  PORT6_IRQHandler                  
000057ab  PSS_IRQHandler                    
000057ab  PendSV_Handler                    
000057ab  RTC_C_IRQHandler                  
0000579f  Reset_Handler                     
UNDEFED   SHT$$INIT_ARRAY$$Base             
UNDEFED   SHT$$INIT_ARRAY$$Limit            
0000073d  ST7735_Color565                   
000007a1  ST7735_DrawBitmap                 
00000b15  ST7735_DrawChar                   
0000099f  ST7735_DrawCharS                  
00000535  ST7735_DrawFastHLine              
00000477  ST7735_DrawFastVLine              
0000041d  ST7735_DrawPixel                  
00000c89  ST7735_DrawString                 
00000631  ST7735_FillRect                   
000005ed  ST7735_FillScreen                 
000002e9  ST7735_InitB                      
00000309  ST7735_InitR                      
00000ebb  ST7735_InvertDisplay              
000012f9  ST7735_OutChar                    
000013b5  ST7735_OutString                  
00000d75  ST7735_OutUDec                    
00001205  ST7735_PlotBar                    
00000ed3  ST7735_PlotClear                  
00000ff5  ST7735_PlotLine                   
000012a5  ST7735_PlotNext                   
000012bf  ST7735_PlotNextErase              
00000f2f  ST7735_PlotPoint                  
0000112f  ST7735_PlotPoints                 
0000125b  ST7735_PlotdBfs                   
00000d4f  ST7735_SetCursor                  
00000df1  ST7735_SetRotation                
000013d3  ST7735_SetTextColor               
00000771  ST7735_SwapColor                  
000057ab  SVC_Handler                       
200000f8  StTextColor                       
200000f0  StX                               
200000f4  StY                               
00005771  SysCtl_disableNMISource           
00005781  SysCtl_enableNMISource            
000057ad  SysCtl_getNMISourceStatus         
000053e1  SysCtl_getTLVInfo                 
000057ab  SysTick_Handler                   
20000120  SystemCoreClock                   
00003d41  SystemCoreClockUpdate             
00003fb5  SystemInit                        
000057ab  T32_INT1_IRQHandler               
000057ab  T32_INT2_IRQHandler               
000057ab  T32_INTC_IRQHandler               
000057ab  TA0_0_IRQHandler                  
000057ab  TA0_N_IRQHandler                  
000057ab  TA1_0_IRQHandler                  
000057ab  TA1_N_IRQHandler                  
000057ab  TA2_0_IRQHandler                  
000057ab  TA2_N_IRQHandler                  
000057ab  TA3_0_IRQHandler                  
000057ab  TA3_N_IRQHandler                  
000057ab  UsageFault_Handler                
4000480c  WDTCTL_SYM                        
000057ab  WDT_A_IRQHandler                  
20000140  X                                 
20000144  Ymax                              
20000148  Ymin                              
2000014c  Yrange                            
20010000  __STACK_END                       
00000200  __STACK_SIZE                      
00006158  __TI_CINIT_Base                   
00006168  __TI_CINIT_Limit                  
00006140  __TI_Handler_Table_Base           
0000614c  __TI_Handler_Table_Limit          
00005139  __TI_auto_init                    
20000104  __TI_cleanup_ptr                  
00005219  __TI_decompress_lzss              
00005791  __TI_decompress_none              
20000108  __TI_dtors_ptr                    
2000010c  __TI_enable_exit_profile_output   
ffffffff  __TI_pprof_out_hndl               
00001ca9  __TI_printfi                      
ffffffff  __TI_prof_data_size               
ffffffff  __TI_prof_data_start              
00000000  __TI_static_base__                
000057b9  __TI_zero_init                    
00004f41  __aeabi_cdcmpeq                   
00004f41  __aeabi_cdcmple                   
00004fc7  __aeabi_cdrcmple                  
0000555d  __aeabi_d2iz                      
000055ed  __aeabi_d2uiz                     
000044b3  __aeabi_dadd                      
0000465f  __aeabi_ddiv                      
000049b1  __aeabi_dmul                      
000044a9  __aeabi_dsub                      
00005631  __aeabi_i2d                       
0000504d  __aeabi_memclr                    
0000504d  __aeabi_memclr4                   
0000504d  __aeabi_memclr8                   
00004ea5  __aeabi_memcpy                    
00004ea5  __aeabi_memcpy4                   
00004ea5  __aeabi_memcpy8                   
0000504f  __aeabi_memset                    
0000504f  __aeabi_memset4                   
0000504f  __aeabi_memset8                   
00005685  __aeabi_ui2d                      
000042b5  __aeabi_uldivmod                  
ffffffff  __binit__                         
ffffffff  __c_args__                        
000025a3  __mpu_init                        
2000fe00  __stack                           
000056f1  _args_main                        
000052e5  _c_int00                          
00005ecb  _ctypes_                          
20000000  _ftable                           
20000110  _lock                             
00005743  _nop                              
0000573b  _register_lock                    
00005735  _register_unlock                  
000050c7  _system_post_cinit                
000057cb  _system_pre_init                  
20000114  _unlock                           
0000533d  abort                             
00002f5d  all_off                           
00002fb5  all_on                            
0000547d  atoi                              
ffffffff  binit                             
00002e21  blue_gradual_on                   
000030c3  blue_on_all_intensity             
00002c43  blue_one_at_a_time                
0000325f  blue_one_pixel_on_intensity       
00004c13  clk_init                          
000033d5  control_all_neopixel              
0000343f  control_each_neopixel             
000054c9  copy_in                           
00005749  copysign                          
00005749  copysignl                         
00005ccb  dBfs                              
00004c99  debug_init                        
20000118  errno                             
00005345  exit                              
00002a55  fade_blue_all                     
000029a3  fade_green_all                    
000028ed  fade_red_all                      
000013e7  ferror                            
00000d0d  fillmessage                       
00004ccd  fputc                             
00004ceb  fputs                             
00005281  frexp                             
00005281  frexpl                            
20000150  g_MCLKfreq                        
20000154  g_SMCLKfreq                       
00002d83  green_gradual_on                  
0000306b  green_on_all_intensity            
00002ba5  green_one_at_a_time               
000031e9  green_one_pixel_on_intensity      
00004795  initBackchannelUART               
0000406d  init_rgb_array                    
00000000  interruptVectors                  
20000100  lastj                             
00004aad  ldexp                             
00004aad  ldexpl                            
000027ab  led_test                          
0000538d  ltoa                              
000040ad  main                              
2000011c  main_func_sp                      
000056a5  memccpy                           
00004ea5  memcpy                            
00005055  memset                            
20000130  motor                             
000047db  my_getc                           
000047eb  my_gets                           
0000483b  my_putc                           
00004857  my_puts                           
000034b1  neopixel_one_on_at_a_time         
0000334b  one_pixel_on_intensity            
20000160  p                                 
0000014d  parrotdelay                       
000051b1  printf                            
00002ce5  red_gradual_on                    
0000300d  red_on_all_intensity              
00002b07  red_one_at_a_time                 
00003173  red_one_pixel_on_intensity        
00004aad  scalbn                            
00004aad  scalbnl                           
000055a5  sendByte                          
00002729  sendPixel                         
000026d9  sendPixelOnce                     
00002755  sendStrip                         
00002611  showStrip                         
00003c2b  stepper_full_step_rot_angle       
00003ca9  stepper_half_step_rot_angle       
00003b75  stepper_init                      
00003bad  stepper_wave_drive_rot_angle      
00005709  strchr                            
0000575d  strlen                            
000060c0  uartConfig                        
00002ebf  white_gradual_on                  
0000311b  white_on_all_intensity            
000032d5  white_one_pixel_on_intensity      


GLOBAL SYMBOLS: SORTED BY Symbol Address 

address   name                              
-------   ----                              
00000000  __TI_static_base__                
00000000  interruptVectors                  
0000014d  parrotdelay                       
0000015b  Delay1ms                          
00000200  __STACK_SIZE                      
000002e9  ST7735_InitB                      
00000309  ST7735_InitR                      
0000041d  ST7735_DrawPixel                  
00000477  ST7735_DrawFastVLine              
00000535  ST7735_DrawFastHLine              
000005ed  ST7735_FillScreen                 
00000631  ST7735_FillRect                   
0000073d  ST7735_Color565                   
00000771  ST7735_SwapColor                  
000007a1  ST7735_DrawBitmap                 
0000099f  ST7735_DrawCharS                  
00000b15  ST7735_DrawChar                   
00000c89  ST7735_DrawString                 
00000d0d  fillmessage                       
00000d4f  ST7735_SetCursor                  
00000d75  ST7735_OutUDec                    
00000df1  ST7735_SetRotation                
00000ebb  ST7735_InvertDisplay              
00000ed3  ST7735_PlotClear                  
00000f2f  ST7735_PlotPoint                  
00000ff5  ST7735_PlotLine                   
0000112f  ST7735_PlotPoints                 
00001205  ST7735_PlotBar                    
0000125b  ST7735_PlotdBfs                   
000012a5  ST7735_PlotNext                   
000012bf  ST7735_PlotNextErase              
000012f9  ST7735_OutChar                    
000013b5  ST7735_OutString                  
000013d3  ST7735_SetTextColor               
000013e7  ferror                            
000013f5  Output_Init                       
00001405  Output_Clear                      
0000140f  Output_Off                        
00001417  Output_On                         
0000141f  Output_Color                      
00001ca9  __TI_printfi                      
000025a3  __mpu_init                        
00002611  showStrip                         
000026d9  sendPixelOnce                     
00002729  sendPixel                         
00002755  sendStrip                         
000027ab  led_test                          
000028ed  fade_red_all                      
000029a3  fade_green_all                    
00002a55  fade_blue_all                     
00002b07  red_one_at_a_time                 
00002ba5  green_one_at_a_time               
00002c43  blue_one_at_a_time                
00002ce5  red_gradual_on                    
00002d83  green_gradual_on                  
00002e21  blue_gradual_on                   
00002ebf  white_gradual_on                  
00002f5d  all_off                           
00002fb5  all_on                            
0000300d  red_on_all_intensity              
0000306b  green_on_all_intensity            
000030c3  blue_on_all_intensity             
0000311b  white_on_all_intensity            
00003173  red_one_pixel_on_intensity        
000031e9  green_one_pixel_on_intensity      
0000325f  blue_one_pixel_on_intensity       
000032d5  white_one_pixel_on_intensity      
0000334b  one_pixel_on_intensity            
000033d5  control_all_neopixel              
0000343f  control_each_neopixel             
000034b1  neopixel_one_on_at_a_time         
00003b75  stepper_init                      
00003bad  stepper_wave_drive_rot_angle      
00003c2b  stepper_full_step_rot_angle       
00003ca9  stepper_half_step_rot_angle       
00003d41  SystemCoreClockUpdate             
00003fb5  SystemInit                        
0000406d  init_rgb_array                    
000040ad  main                              
000042b5  __aeabi_uldivmod                  
000044a9  __aeabi_dsub                      
000044b3  __aeabi_dadd                      
0000465f  __aeabi_ddiv                      
00004795  initBackchannelUART               
000047db  my_getc                           
000047eb  my_gets                           
0000483b  my_putc                           
00004857  my_puts                           
000048ad  CS_getDCOFrequency                
000049b1  __aeabi_dmul                      
00004aad  ldexp                             
00004aad  ldexpl                            
00004aad  scalbn                            
00004aad  scalbnl                           
00004c13  clk_init                          
00004c99  debug_init                        
00004ccd  fputc                             
00004ceb  fputs                             
00004d6d  CS_startHFXTWithTimeout           
00004ea5  __aeabi_memcpy                    
00004ea5  __aeabi_memcpy4                   
00004ea5  __aeabi_memcpy8                   
00004ea5  memcpy                            
00004f41  __aeabi_cdcmpeq                   
00004f41  __aeabi_cdcmple                   
00004fc7  __aeabi_cdrcmple                  
0000504d  __aeabi_memclr                    
0000504d  __aeabi_memclr4                   
0000504d  __aeabi_memclr8                   
0000504f  __aeabi_memset                    
0000504f  __aeabi_memset4                   
0000504f  __aeabi_memset8                   
00005055  memset                            
000050c7  _system_post_cinit                
00005139  __TI_auto_init                    
000051b1  printf                            
00005219  __TI_decompress_lzss              
00005281  frexp                             
00005281  frexpl                            
000052e5  _c_int00                          
00005339  C$$EXIT                           
0000533d  abort                             
00005345  exit                              
0000538d  ltoa                              
000053e1  SysCtl_getTLVInfo                 
0000547d  atoi                              
000054c9  copy_in                           
0000555d  __aeabi_d2iz                      
000055a5  sendByte                          
000055ed  __aeabi_d2uiz                     
00005631  __aeabi_i2d                       
00005661  CS_clearInterruptFlag             
00005685  __aeabi_ui2d                      
000056a5  memccpy                           
000056c1  CS_getMCLK                        
000056d9  CS_getSMCLK                       
000056f1  _args_main                        
00005709  strchr                            
00005721  CS_setExternalClockSourceFrequency
00005735  _register_unlock                  
0000573b  _register_lock                    
00005743  _nop                              
00005749  copysign                          
00005749  copysignl                         
0000575d  strlen                            
00005771  SysCtl_disableNMISource           
00005781  SysCtl_enableNMISource            
00005791  __TI_decompress_none              
0000579f  Reset_Handler                     
000057ab  ADC14_IRQHandler                  
000057ab  AES256_IRQHandler                 
000057ab  BusFault_Handler                  
000057ab  COMP_E0_IRQHandler                
000057ab  COMP_E1_IRQHandler                
000057ab  CS_IRQHandler                     
000057ab  DMA_ERR_IRQHandler                
000057ab  DMA_INT0_IRQHandler               
000057ab  DMA_INT1_IRQHandler               
000057ab  DMA_INT2_IRQHandler               
000057ab  DMA_INT3_IRQHandler               
000057ab  DebugMon_Handler                  
000057ab  Default_Handler                   
000057ab  EUSCIA0_IRQHandler                
000057ab  EUSCIA1_IRQHandler                
000057ab  EUSCIA2_IRQHandler                
000057ab  EUSCIA3_IRQHandler                
000057ab  EUSCIB0_IRQHandler                
000057ab  EUSCIB1_IRQHandler                
000057ab  EUSCIB2_IRQHandler                
000057ab  EUSCIB3_IRQHandler                
000057ab  FLCTL_IRQHandler                  
000057ab  FPU_IRQHandler                    
000057ab  HardFault_Handler                 
000057ab  MemManage_Handler                 
000057ab  NMI_Handler                       
000057ab  PCM_IRQHandler                    
000057ab  PORT1_IRQHandler                  
000057ab  PORT2_IRQHandler                  
000057ab  PORT3_IRQHandler                  
000057ab  PORT4_IRQHandler                  
000057ab  PORT5_IRQHandler                  
000057ab  PORT6_IRQHandler                  
000057ab  PSS_IRQHandler                    
000057ab  PendSV_Handler                    
000057ab  RTC_C_IRQHandler                  
000057ab  SVC_Handler                       
000057ab  SysTick_Handler                   
000057ab  T32_INT1_IRQHandler               
000057ab  T32_INT2_IRQHandler               
000057ab  T32_INTC_IRQHandler               
000057ab  TA0_0_IRQHandler                  
000057ab  TA0_N_IRQHandler                  
000057ab  TA1_0_IRQHandler                  
000057ab  TA1_N_IRQHandler                  
000057ab  TA2_0_IRQHandler                  
000057ab  TA2_N_IRQHandler                  
000057ab  TA3_0_IRQHandler                  
000057ab  TA3_N_IRQHandler                  
000057ab  UsageFault_Handler                
000057ab  WDT_A_IRQHandler                  
000057ad  SysCtl_getNMISourceStatus         
000057b9  __TI_zero_init                    
000057c5  CS_startHFXT                      
000057cb  _system_pre_init                  
00005ccb  dBfs                              
00005ecb  _ctypes_                          
000060c0  uartConfig                        
00006140  __TI_Handler_Table_Base           
0000614c  __TI_Handler_Table_Limit          
00006158  __TI_CINIT_Base                   
00006168  __TI_CINIT_Limit                  
20000000  _ftable                           
200000f0  StX                               
200000f4  StY                               
200000f8  StTextColor                       
20000100  lastj                             
20000104  __TI_cleanup_ptr                  
20000108  __TI_dtors_ptr                    
2000010c  __TI_enable_exit_profile_output   
20000110  _lock                             
20000114  _unlock                           
20000118  errno                             
2000011c  main_func_sp                      
20000120  SystemCoreClock                   
20000124  Message                           
20000130  motor                             
2000013c  Messageindex                      
20000140  X                                 
20000144  Ymax                              
20000148  Ymin                              
2000014c  Yrange                            
20000150  g_MCLKfreq                        
20000154  g_SMCLKfreq                       
20000160  p                                 
2000fe00  __stack                           
20010000  __STACK_END                       
4000480c  WDTCTL_SYM                        
ffffffff  __TI_pprof_out_hndl               
ffffffff  __TI_prof_data_size               
ffffffff  __TI_prof_data_start              
ffffffff  __binit__                         
ffffffff  __c_args__                        
ffffffff  binit                             
UNDEFED   SHT$$INIT_ARRAY$$Base             
UNDEFED   SHT$$INIT_ARRAY$$Limit            

[245 symbols]
